
Note: No compatibility mode selected!


Circuit: * klt sim -- generated corner deck, do not edit

Doing analysis at TEMP = -40.000000 and TNOM = 27.000000

Using SPARSE 1.3 as Direct Linear Solver

Initial Transient Solution
--------------------------

Node                                   Voltage
----                                   -------
vdd                                       1.62
vss                                          0
ibias                                 0.690854
xdut.d1                               0.675945
xdut.d2                               0.424903
inn                                   0.483882
xdut.tail                          0.000197792
inp                                      0.486
out                                   0.483882
xdut.cz                               0.424903
xdut.xrz.ra                           0.424903
xdut.xcc.a                            0.483882
xdut.xcc.b1                           0.483882
p                                            0
l20                                     0.6156
l80                                     1.0044
bl80#branch                                  0
bl20#branch                                  0
bin#branch                                   0
vp#branch                                    0
vss#branch                         5.38335e-05
vdd#branch                        -5.38335e-05


No. of Data Rows : 1124

  Measurements for Transient Analysis

t20_rise            =   2.11109e-07
t80_rise            =   2.31720e-07
t80_fall            =   1.21498e-06
t20_fall            =   1.24253e-06

ngspice-46 done
