
Note: No compatibility mode selected!


Circuit: * klt sim -- generated corner deck, do not edit

Doing analysis at TEMP = 27.000000 and TNOM = 27.000000

Using SPARSE 1.3 as Direct Linear Solver
Note: Starting dynamic gmin stepping
Note: Dynamic gmin stepping completed

No. of Data Rows : 201

No. of Data Rows : 1
en_k000 = 3.53037041e-05
en_k005 = 2.69783033e-05
en_k010 = 2.06375398e-05
en_k015 = 1.58035935e-05
en_k020 = 1.21146901e-05
en_k025 = 9.29671174e-06
en_k030 = 7.14179294e-06
en_k035 = 5.49217652e-06
en_k040 = 4.22802947e-06
en_k045 = 3.25824315e-06
en_k050 = 2.51348230e-06
en_k055 = 1.94093004e-06
en_k060 = 1.50031220e-06
en_k065 = 1.16088749e-06
en_k070 = 8.99167068e-07
en_k075 = 6.97185376e-07
en_k080 = 5.41187951e-07
en_k085 = 4.20634784e-07
en_k090 = 3.27442698e-07
en_k095 = 2.55408887e-07
en_k100 = 1.99771767e-07
en_k105 = 1.56875820e-07
en_k110 = 1.23914816e-07
en_k115 = 9.87335009e-08
en_k120 = 7.96719854e-08
en_k125 = 6.54407732e-08
en_k130 = 5.50190041e-08
en_k135 = 4.75751547e-08
en_k140 = 4.24160798e-08
en_k145 = 3.89715626e-08
en_k150 = 3.68184656e-08
en_k155 = 3.57536206e-08
en_k160 = 3.59041609e-08
en_k165 = 3.76063121e-08
en_k170 = 4.08346457e-08
en_k175 = 4.63276551e-08
en_k180 = 5.85759570e-08
en_k185 = 8.79598666e-08
en_k190 = 1.65235678e-07
en_k195 = 4.15290858e-07
en_k200 = 1.52483765e-07
vn_int_band = 7.01068821e-05
ngspice-42 done
