
Note: No compatibility mode selected!


Circuit: * klt sim -- generated corner deck, do not edit

Doing analysis at TEMP = 27.000000 and TNOM = 27.000000

Using SPARSE 1.3 as Direct Linear Solver
Note: Starting dynamic gmin stepping
Warning: Dynamic gmin stepping failed
Note: Starting true gmin stepping
Note: True gmin stepping completed

No. of Data Rows : 181

  Measurements for AC Analysis

adm_1hz_db          =  6.77734e+01
acm_1hz_db          =  -6.66023e+00
adm_10hz_db         =  6.77734e+01
acm_10hz_db         =  -6.66023e+00
adm_100hz_db        =  6.77730e+01
acm_100hz_db        =  -6.66061e+00
adm_1khz_db         =  6.77354e+01
acm_1khz_db         =  -6.69828e+00
adm_10khz_db        =  6.50316e+01
acm_10khz_db        =  -9.40192e+00
adm_100khz_db       =  4.82791e+01
acm_100khz_db       =  -2.61450e+01
adm_1mhz_db         =  2.83248e+01
acm_1mhz_db         =  -4.52119e+01
gbw_hz              =   2.30973e+07

ngspice-46 done
