
Note: No compatibility mode selected!


Circuit: * klt sim -- generated corner deck, do not edit

Doing analysis at TEMP = -40.000000 and TNOM = 27.000000

Using SPARSE 1.3 as Direct Linear Solver

No. of Data Rows : 181

  Measurements for AC Analysis

adm_1hz_db          =  6.79629e+01
acm_1hz_db          =  -1.19870e+01
adm_10hz_db         =  6.79629e+01
acm_10hz_db         =  -1.19870e+01
adm_100hz_db        =  6.79626e+01
acm_100hz_db        =  -1.19873e+01
adm_1khz_db         =  6.79327e+01
acm_1khz_db         =  -1.20172e+01
adm_10khz_db        =  6.56639e+01
acm_10khz_db        =  -1.42858e+01
adm_100khz_db       =  4.94635e+01
acm_100khz_db       =  -3.04740e+01
adm_1mhz_db         =  2.95227e+01
acm_1mhz_db         =  -4.92977e+01
gbw_hz              =   2.66728e+07

ngspice-46 done
