
Note: No compatibility mode selected!


Circuit: * klt sim -- generated corner deck, do not edit

Doing analysis at TEMP = -40.000000 and TNOM = 27.000000

Using SPARSE 1.3 as Direct Linear Solver
Note: Starting dynamic gmin stepping
Warning: Dynamic gmin stepping failed
Note: Starting true gmin stepping
Note: True gmin stepping completed

No. of Data Rows : 181

  Measurements for AC Analysis

adm_1hz_db          =  6.49295e+01
acm_1hz_db          =  -9.85753e+00
adm_10hz_db         =  6.49295e+01
acm_10hz_db         =  -9.85753e+00
adm_100hz_db        =  6.49293e+01
acm_100hz_db        =  -9.85768e+00
adm_1khz_db         =  6.49143e+01
acm_1khz_db         =  -9.87268e+00
adm_10khz_db        =  6.36279e+01
acm_10khz_db        =  -1.11590e+01
adm_100khz_db       =  4.93732e+01
acm_100khz_db       =  -2.54084e+01
adm_1mhz_db         =  2.94928e+01
acm_1mhz_db         =  -4.47783e+01
gbw_hz              =   2.70698e+07

ngspice-46 done
