
Note: No compatibility mode selected!


Circuit: * klt sim -- generated corner deck, do not edit

Doing analysis at TEMP = 27.000000 and TNOM = 27.000000

Using SPARSE 1.3 as Direct Linear Solver
Note: Starting dynamic gmin stepping
Note: Dynamic gmin stepping completed

Initial Transient Solution
--------------------------

Node                                   Voltage
----                                   -------
vdd                                        1.8
vss                                          0
ibias                                 0.628094
xdut.d1                                0.82357
xdut.d2                               0.816358
inn                                   0.879854
xdut.tail                             0.194029
inp                                       0.88
out                                   0.879854
xdut.cz                               0.816358
xdut.xrz.ra                           0.816358
xdut.xcc.a                            0.879854
xdut.xcc.b1                           0.879854
mid                                        0.9
ofs                               -0.000146312
gtrk_int1                                    0
lo                                    0.879454
hi                                    0.880254
bhi#branch                                   0
blo#branch                                   0
bgtrk#branch                                 0
bmid#branch                                  0
vinp#branch                                  0
vss#branch                         6.56103e-05
vdd#branch                        -6.56103e-05


No. of Data Rows : 4014

  Measurements for Transient Analysis

v_init              =  8.79854e-01
v_ofs               =  -1.46312e-04
v_final             =  9.19844e-01
v_peak              =  9.21417e-01 at=  2.21050e-07
t_lo_cross          =   2.15605e-07
t_hi_cross          =   2.32249e-07

ngspice-46 done
