
Note: No compatibility mode selected!


Circuit: * klt sim -- generated corner deck, do not edit

Doing analysis at TEMP = 125.000000 and TNOM = 27.000000

Using SPARSE 1.3 as Direct Linear Solver
Note: Starting dynamic gmin stepping
Note: Dynamic gmin stepping completed

Initial Transient Solution
--------------------------

Node                                   Voltage
----                                   -------
vdd                                        1.8
vss                                          0
ibias                                 0.606356
xdut.d1                                1.20209
xdut.d2                                1.07908
inn                                   0.536787
xdut.tail                            0.0140478
inp                                       0.54
out                                   0.536787
xdut.na                               0.604766
xdut.nx                              0.0185561
xdut.cz                                1.07908
xdut.xrz.ra                            1.07908
xdut.xcc.a                            0.536787
xdut.xcc.b1                           0.536787
p                                            0
l20                                      0.684
l80                                      1.116
bl80#branch                                  0
bl20#branch                                  0
bin#branch                                   0
vp#branch                                    0
vss#branch                         6.27751e-05
vdd#branch                        -6.27751e-05


No. of Data Rows : 1124

  Measurements for Transient Analysis

t20_rise            =   2.08839e-07
t80_rise            =   2.30132e-07
t80_fall            =   1.21622e-06
t20_fall            =   1.23857e-06

ngspice-46 done
