
Note: No compatibility mode selected!


Circuit: * klt sim -- generated corner deck, do not edit

Doing analysis at TEMP = 27.000000 and TNOM = 27.000000

Using SPARSE 1.3 as Direct Linear Solver
Note: Starting dynamic gmin stepping
Warning: Dynamic gmin stepping failed
Note: Starting true gmin stepping
Note: True gmin stepping completed

No. of Data Rows : 181

  Measurements for AC Analysis

adm_1hz_db          =  6.56577e+01
acm_1hz_db          =  -8.43507e+00
adm_10hz_db         =  6.56577e+01
acm_10hz_db         =  -8.43507e+00
adm_100hz_db        =  6.56575e+01
acm_100hz_db        =  -8.43532e+00
adm_1khz_db         =  6.56330e+01
acm_1khz_db         =  -8.45979e+00
adm_10khz_db        =  6.36962e+01
acm_10khz_db        =  -1.03965e+01
adm_100khz_db       =  4.80166e+01
acm_100khz_db       =  -2.60678e+01
adm_1mhz_db         =  2.80887e+01
acm_1mhz_db         =  -4.52180e+01
gbw_hz              =   2.26923e+07

ngspice-46 done
