
Note: No compatibility mode selected!


Circuit: * klt sim -- generated corner deck, do not edit

Doing analysis at TEMP = -40.000000 and TNOM = 27.000000

Using SPARSE 1.3 as Direct Linear Solver

Initial Transient Solution
--------------------------

Node                                   Voltage
----                                   -------
vdd                                        1.8
vss                                          0
ibias                                 0.639763
xdut.d1                               0.644102
xdut.d2                               0.634497
inn                                   0.879832
xdut.tail                             0.187274
inp                                       0.88
out                                   0.879832
xdut.cz                               0.634497
xdut.xrz.ra                           0.634497
xdut.xcc.a                            0.879832
xdut.xcc.b1                           0.879832
mid                                        0.9
ofs                               -0.000167565
gtrk_int1                                    0
lo                                    0.879432
hi                                    0.880232
bhi#branch                                   0
blo#branch                                   0
bgtrk#branch                                 0
bmid#branch                                  0
vinp#branch                                  0
vss#branch                         6.56898e-05
vdd#branch                        -6.56898e-05


No. of Data Rows : 4014

  Measurements for Transient Analysis

v_init              =  8.79832e-01
v_ofs               =  -1.67565e-04
v_final             =  9.19824e-01
v_peak              =  9.21403e-01 at=  2.18050e-07
t_lo_cross          =   2.13438e-07
t_hi_cross          =   2.27766e-07

ngspice-46 done
