
Note: No compatibility mode selected!


Circuit: * klt sim -- generated corner deck, do not edit

Doing analysis at TEMP = 27.000000 and TNOM = 27.000000

Using SPARSE 1.3 as Direct Linear Solver
Note: Starting dynamic gmin stepping
Warning: Dynamic gmin stepping failed
Note: Starting true gmin stepping
Note: True gmin stepping completed

No. of Data Rows : 181

  Measurements for AC Analysis

adm_1hz_db          =  6.29451e+01
acm_1hz_db          =  -4.09080e+00
adm_10hz_db         =  6.29451e+01
acm_10hz_db         =  -4.09080e+00
adm_100hz_db        =  6.29450e+01
acm_100hz_db        =  -4.09095e+00
adm_1khz_db         =  6.29304e+01
acm_1khz_db         =  -4.10555e+00
adm_10khz_db        =  6.16733e+01
acm_10khz_db        =  -5.36251e+00
adm_100khz_db       =  4.75016e+01
acm_100khz_db       =  -1.95277e+01
adm_1mhz_db         =  2.76236e+01
acm_1mhz_db         =  -3.87867e+01
gbw_hz              =   2.17599e+07

ngspice-46 done
