
Note: No compatibility mode selected!


Circuit: * klt sim -- generated corner deck, do not edit

Doing analysis at TEMP = 125.000000 and TNOM = 27.000000

Using SPARSE 1.3 as Direct Linear Solver

Initial Transient Solution
--------------------------

Node                                   Voltage
----                                   -------
vdd                                       1.62
vss                                          0
ibias                                 0.597776
xdut.d1                               0.723898
xdut.d2                                1.61942
inn                                5.42806e-07
xdut.tail                             0.113467
inp                                      0.486
out                                5.42806e-07
xdut.cz                                1.61942
xdut.xrz.ra                            1.61942
xdut.xcc.a                         5.42806e-07
xdut.xcc.b1                        5.42806e-07
p                                            0
l20                                     0.6156
l80                                     1.0044
bl80#branch                                  0
bl20#branch                                  0
bin#branch                                   0
vp#branch                                    0
vss#branch                         1.37525e-05
vdd#branch                        -1.37525e-05


No. of Data Rows : 1125

  Measurements for Transient Analysis

t20_rise            =   2.57981e-07
t80_rise            =   2.75569e-07
t80_fall            =   1.21836e-06
t20_fall            =   1.26507e-06

ngspice-46 done
