
Note: No compatibility mode selected!


Circuit: * klt sim -- generated corner deck, do not edit

Doing analysis at TEMP = 125.000000 and TNOM = 27.000000

Using SPARSE 1.3 as Direct Linear Solver
Note: Starting dynamic gmin stepping
Warning: Dynamic gmin stepping failed
Note: Starting true gmin stepping
Note: True gmin stepping completed

No. of Data Rows : 181

  Measurements for AC Analysis

adm_1hz_db          =  6.67520e+01
acm_1hz_db          =  -6.50178e+00
adm_10hz_db         =  6.67520e+01
acm_10hz_db         =  -6.50179e+00
adm_100hz_db        =  6.67515e+01
acm_100hz_db        =  -6.50221e+00
adm_1khz_db         =  6.67092e+01
acm_1khz_db         =  -6.54459e+00
adm_10khz_db        =  6.37622e+01
acm_10khz_db        =  -9.49144e+00
adm_100khz_db       =  4.67495e+01
acm_100khz_db       =  -2.64937e+01
adm_1mhz_db         =  2.67889e+01
acm_1mhz_db         =  -4.54891e+01
gbw_hz              =   1.94637e+07

ngspice-46 done
