
Note: No compatibility mode selected!


Circuit: * klt sim -- generated corner deck, do not edit

Doing analysis at TEMP = 125.000000 and TNOM = 27.000000

Using SPARSE 1.3 as Direct Linear Solver
Note: Starting dynamic gmin stepping
Note: Dynamic gmin stepping completed

No. of Data Rows : 201

  Measurements for AC Analysis

avs_k000            =  -6.69021e+01
avs_k005            =  -6.69022e+01
avs_k010            =  -6.69023e+01
avs_k015            =  -6.69023e+01
avs_k020            =  -6.69023e+01
avs_k025            =  -6.69023e+01
avs_k030            =  -6.69023e+01
avs_k035            =  -6.69023e+01
avs_k040            =  -6.69023e+01
avs_k045            =  -6.69023e+01
avs_k050            =  -6.69023e+01
avs_k055            =  -6.69021e+01
avs_k060            =  -6.69018e+01
avs_k065            =  -6.69006e+01
avs_k070            =  -6.68970e+01
avs_k075            =  -6.68856e+01
avs_k080            =  -6.68498e+01
avs_k085            =  -6.67384e+01
avs_k090            =  -6.64038e+01
avs_k095            =  -6.54890e+01
avs_k100            =  -6.34460e+01
avs_k105            =  -6.00482e+01
avs_k110            =  -5.57088e+01
avs_k115            =  -5.09404e+01
avs_k120            =  -4.60163e+01
avs_k125            =  -4.10406e+01
avs_k130            =  -3.60482e+01
avs_k135            =  -3.10503e+01
avs_k140            =  -2.60500e+01
avs_k145            =  -2.10470e+01
avs_k150            =  -1.60377e+01
avs_k155            =  -1.10175e+01
avs_k160            =  -6.03666e+00
avs_k165            =  -1.67716e+00
avs_k170            =  -4.21579e-01
avs_k175            =  -3.44765e+00
avs_k180            =  -8.07955e+00
avs_k185            =  -1.31014e+01
avs_k190            =  -1.83944e+01
avs_k195            =  -2.41139e+01
avs_win_max         =  -6.68498e+01 at=  1.00000e+03

ngspice-46 done
