
Note: No compatibility mode selected!


Circuit: * klt sim -- generated corner deck, do not edit

Doing analysis at TEMP = 125.000000 and TNOM = 27.000000

Using SPARSE 1.3 as Direct Linear Solver
Note: Starting dynamic gmin stepping
Note: Dynamic gmin stepping completed

No. of Data Rows : 201

  Measurements for AC Analysis

avs_k000            =  -6.35987e+01
avs_k005            =  -6.35988e+01
avs_k010            =  -6.35988e+01
avs_k015            =  -6.35988e+01
avs_k020            =  -6.35988e+01
avs_k025            =  -6.35988e+01
avs_k030            =  -6.35988e+01
avs_k035            =  -6.35988e+01
avs_k040            =  -6.35988e+01
avs_k045            =  -6.35988e+01
avs_k050            =  -6.35988e+01
avs_k055            =  -6.35987e+01
avs_k060            =  -6.35986e+01
avs_k065            =  -6.35980e+01
avs_k070            =  -6.35964e+01
avs_k075            =  -6.35912e+01
avs_k080            =  -6.35748e+01
avs_k085            =  -6.35232e+01
avs_k090            =  -6.33643e+01
avs_k095            =  -6.28967e+01
avs_k100            =  -6.16817e+01
avs_k105            =  -5.91979e+01
avs_k110            =  -5.54370e+01
avs_k115            =  -5.09159e+01
avs_k120            =  -4.60790e+01
avs_k125            =  -4.11318e+01
avs_k130            =  -3.61486e+01
avs_k135            =  -3.11536e+01
avs_k140            =  -2.61543e+01
avs_k145            =  -2.11518e+01
avs_k150            =  -1.61431e+01
avs_k155            =  -1.11235e+01
avs_k160            =  -6.13694e+00
avs_k165            =  -1.73284e+00
avs_k170            =  -4.16578e-01
avs_k175            =  -3.48428e+00
avs_k180            =  -8.14804e+00
avs_k185            =  -1.31580e+01
avs_k190            =  -1.83852e+01
avs_k195            =  -2.39739e+01
avs_win_max         =  -6.35748e+01 at=  1.00000e+03

ngspice-46 done
