
Note: No compatibility mode selected!


Circuit: * klt sim -- generated corner deck, do not edit

Doing analysis at TEMP = 27.000000 and TNOM = 27.000000

Using SPARSE 1.3 as Direct Linear Solver
Note: Starting dynamic gmin stepping
Note: Dynamic gmin stepping completed

No. of Data Rows : 201

  Measurements for AC Analysis

avs_k000            =  -7.00778e+01
avs_k005            =  -7.00778e+01
avs_k010            =  -7.00778e+01
avs_k015            =  -7.00778e+01
avs_k020            =  -7.00778e+01
avs_k025            =  -7.00778e+01
avs_k030            =  -7.00778e+01
avs_k035            =  -7.00778e+01
avs_k040            =  -7.00778e+01
avs_k045            =  -7.00778e+01
avs_k050            =  -7.00778e+01
avs_k055            =  -7.00778e+01
avs_k060            =  -7.00778e+01
avs_k065            =  -7.00778e+01
avs_k070            =  -7.00778e+01
avs_k075            =  -7.00778e+01
avs_k080            =  -7.00778e+01
avs_k085            =  -7.00778e+01
avs_k090            =  -7.00778e+01
avs_k095            =  -7.00777e+01
avs_k100            =  -7.00774e+01
avs_k105            =  -7.00766e+01
avs_k110            =  -7.00739e+01
avs_k115            =  -7.00653e+01
avs_k120            =  -7.00384e+01
avs_k125            =  -6.99539e+01
avs_k130            =  -6.96925e+01
avs_k135            =  -6.89197e+01
avs_k140            =  -6.68807e+01
avs_k145            =  -6.25583e+01
avs_k150            =  -5.56717e+01
avs_k155            =  -4.71193e+01
avs_k160            =  -3.81144e+01
avs_k165            =  -2.99282e+01
avs_k170            =  -2.48055e+01
avs_k175            =  -2.47726e+01
avs_k180            =  -2.71061e+01
avs_k185            =  -2.88722e+01
avs_k190            =  -2.92653e+01
avs_k195            =  -2.87559e+01
avs_win_max         =  -7.00778e+01 at=  1.00000e+03

ngspice-46 done
