
Note: No compatibility mode selected!


Circuit: * klt sim -- generated corner deck, do not edit

Doing analysis at TEMP = 27.000000 and TNOM = 27.000000

Using SPARSE 1.3 as Direct Linear Solver
Note: Starting dynamic gmin stepping
Note: Dynamic gmin stepping completed

No. of Data Rows : 201

  Measurements for AC Analysis

avs_k000            =  -6.47174e+01
avs_k005            =  -6.47175e+01
avs_k010            =  -6.47175e+01
avs_k015            =  -6.47175e+01
avs_k020            =  -6.47176e+01
avs_k025            =  -6.47176e+01
avs_k030            =  -6.47176e+01
avs_k035            =  -6.47176e+01
avs_k040            =  -6.47176e+01
avs_k045            =  -6.47175e+01
avs_k050            =  -6.47175e+01
avs_k055            =  -6.47175e+01
avs_k060            =  -6.47173e+01
avs_k065            =  -6.47169e+01
avs_k070            =  -6.47154e+01
avs_k075            =  -6.47107e+01
avs_k080            =  -6.46958e+01
avs_k085            =  -6.46492e+01
avs_k090            =  -6.45050e+01
avs_k095            =  -6.40781e+01
avs_k100            =  -6.29518e+01
avs_k105            =  -6.05906e+01
avs_k110            =  -5.69240e+01
avs_k115            =  -5.24479e+01
avs_k120            =  -4.76276e+01
avs_k125            =  -4.26861e+01
avs_k130            =  -3.77047e+01
avs_k135            =  -3.27105e+01
avs_k140            =  -2.77122e+01
avs_k145            =  -2.27122e+01
avs_k150            =  -1.77108e+01
avs_k155            =  -1.27099e+01
avs_k160            =  -7.74298e+00
avs_k165            =  -3.12013e+00
avs_k170            =  -4.79626e-01
avs_k175            =  -2.09951e+00
avs_k180            =  -6.29356e+00
avs_k185            =  -1.12014e+01
avs_k190            =  -1.64563e+01
avs_k195            =  -2.22011e+01
avs_win_max         =  -6.46958e+01 at=  1.00000e+03

ngspice-46 done
