
Note: No compatibility mode selected!


Circuit: * klt sim -- generated corner deck, do not edit

Doing analysis at TEMP = 27.000000 and TNOM = 27.000000

Using SPARSE 1.3 as Direct Linear Solver
Note: Starting dynamic gmin stepping
Note: Dynamic gmin stepping completed

No. of Data Rows : 201

  Measurements for AC Analysis

avs_k000            =  -6.65689e+01
avs_k005            =  -6.65691e+01
avs_k010            =  -6.65691e+01
avs_k015            =  -6.65691e+01
avs_k020            =  -6.65691e+01
avs_k025            =  -6.65691e+01
avs_k030            =  -6.65691e+01
avs_k035            =  -6.65691e+01
avs_k040            =  -6.65691e+01
avs_k045            =  -6.65691e+01
avs_k050            =  -6.65691e+01
avs_k055            =  -6.65691e+01
avs_k060            =  -6.65689e+01
avs_k065            =  -6.65682e+01
avs_k070            =  -6.65663e+01
avs_k075            =  -6.65602e+01
avs_k080            =  -6.65409e+01
avs_k085            =  -6.64806e+01
avs_k090            =  -6.62950e+01
avs_k095            =  -6.57556e+01
avs_k100            =  -6.43903e+01
avs_k105            =  -6.17115e+01
avs_k110            =  -5.78097e+01
avs_k115            =  -5.32240e+01
avs_k120            =  -4.83637e+01
avs_k125            =  -4.34088e+01
avs_k130            =  -3.84231e+01
avs_k135            =  -3.34276e+01
avs_k140            =  -2.84287e+01
avs_k145            =  -2.34280e+01
avs_k150            =  -1.84250e+01
avs_k155            =  -1.34183e+01
avs_k160            =  -8.42526e+00
avs_k165            =  -3.67342e+00
avs_k170            =  -6.03224e-01
avs_k175            =  -1.86144e+00
avs_k180            =  -6.02588e+00
avs_k185            =  -1.09538e+01
avs_k190            =  -1.62271e+01
avs_k195            =  -2.20133e+01
avs_win_max         =  -6.65409e+01 at=  1.00000e+03

ngspice-46 done
