
Note: No compatibility mode selected!


Circuit: * klt sim -- generated corner deck, do not edit

Doing analysis at TEMP = 27.000000 and TNOM = 27.000000

Using SPARSE 1.3 as Direct Linear Solver
Note: Starting dynamic gmin stepping
Note: Dynamic gmin stepping completed

No. of Data Rows : 201

  Measurements for AC Analysis

avs_k000            =  -7.51697e+01
avs_k005            =  -7.51697e+01
avs_k010            =  -7.51697e+01
avs_k015            =  -7.51697e+01
avs_k020            =  -7.51697e+01
avs_k025            =  -7.51697e+01
avs_k030            =  -7.51697e+01
avs_k035            =  -7.51697e+01
avs_k040            =  -7.51697e+01
avs_k045            =  -7.51697e+01
avs_k050            =  -7.51697e+01
avs_k055            =  -7.51697e+01
avs_k060            =  -7.51697e+01
avs_k065            =  -7.51697e+01
avs_k070            =  -7.51697e+01
avs_k075            =  -7.51697e+01
avs_k080            =  -7.51697e+01
avs_k085            =  -7.51697e+01
avs_k090            =  -7.51697e+01
avs_k095            =  -7.51695e+01
avs_k100            =  -7.51691e+01
avs_k105            =  -7.51677e+01
avs_k110            =  -7.51634e+01
avs_k115            =  -7.51496e+01
avs_k120            =  -7.51063e+01
avs_k125            =  -7.49709e+01
avs_k130            =  -7.45573e+01
avs_k135            =  -7.33748e+01
avs_k140            =  -7.04761e+01
avs_k145            =  -6.49887e+01
avs_k150            =  -5.71771e+01
avs_k155            =  -4.81511e+01
avs_k160            =  -3.89264e+01
avs_k165            =  -3.05456e+01
avs_k170            =  -2.51574e+01
avs_k175            =  -2.51047e+01
avs_k180            =  -2.76125e+01
avs_k185            =  -2.95862e+01
avs_k190            =  -3.01770e+01
avs_k195            =  -2.97652e+01
avs_win_max         =  -7.51697e+01 at=  1.00000e+03

ngspice-46 done
