
Note: No compatibility mode selected!


Circuit: * klt sim -- generated corner deck, do not edit

Doing analysis at TEMP = 27.000000 and TNOM = 27.000000

Using SPARSE 1.3 as Direct Linear Solver
Note: Starting dynamic gmin stepping
Note: Dynamic gmin stepping completed

No. of Data Rows : 201

  Measurements for AC Analysis

avs_k000            =  -8.36367e+01
avs_k005            =  -8.36367e+01
avs_k010            =  -8.36367e+01
avs_k015            =  -8.36367e+01
avs_k020            =  -8.36367e+01
avs_k025            =  -8.36367e+01
avs_k030            =  -8.36367e+01
avs_k035            =  -8.36367e+01
avs_k040            =  -8.36367e+01
avs_k045            =  -8.36367e+01
avs_k050            =  -8.36367e+01
avs_k055            =  -8.36367e+01
avs_k060            =  -8.36367e+01
avs_k065            =  -8.36367e+01
avs_k070            =  -8.36367e+01
avs_k075            =  -8.36367e+01
avs_k080            =  -8.36367e+01
avs_k085            =  -8.36366e+01
avs_k090            =  -8.36365e+01
avs_k095            =  -8.36362e+01
avs_k100            =  -8.36352e+01
avs_k105            =  -8.36320e+01
avs_k110            =  -8.36218e+01
avs_k115            =  -8.35896e+01
avs_k120            =  -8.34888e+01
avs_k125            =  -8.31787e+01
avs_k130            =  -8.22748e+01
avs_k135            =  -7.99620e+01
avs_k140            =  -7.52709e+01
avs_k145            =  -6.80708e+01
avs_k150            =  -5.92589e+01
avs_k155            =  -4.98175e+01
avs_k160            =  -4.04420e+01
avs_k165            =  -3.19693e+01
avs_k170            =  -2.63264e+01
avs_k175            =  -2.59149e+01
avs_k180            =  -2.83060e+01
avs_k185            =  -3.03178e+01
avs_k190            =  -3.10847e+01
avs_k195            =  -3.08482e+01
avs_win_max         =  -8.36367e+01 at=  1.00000e+03

ngspice-46 done
