
Note: No compatibility mode selected!


Circuit: * klt sim -- generated corner deck, do not edit

Doing analysis at TEMP = 125.000000 and TNOM = 27.000000

Using SPARSE 1.3 as Direct Linear Solver
Note: Starting dynamic gmin stepping
Note: Dynamic gmin stepping completed

No. of Data Rows : 201

  Measurements for AC Analysis

avs_k000            =  -8.28827e+01
avs_k005            =  -8.28827e+01
avs_k010            =  -8.28827e+01
avs_k015            =  -8.28827e+01
avs_k020            =  -8.28827e+01
avs_k025            =  -8.28827e+01
avs_k030            =  -8.28827e+01
avs_k035            =  -8.28827e+01
avs_k040            =  -8.28827e+01
avs_k045            =  -8.28827e+01
avs_k050            =  -8.28827e+01
avs_k055            =  -8.28827e+01
avs_k060            =  -8.28827e+01
avs_k065            =  -8.28827e+01
avs_k070            =  -8.28827e+01
avs_k075            =  -8.28827e+01
avs_k080            =  -8.28827e+01
avs_k085            =  -8.28827e+01
avs_k090            =  -8.28825e+01
avs_k095            =  -8.28821e+01
avs_k100            =  -8.28808e+01
avs_k105            =  -8.28766e+01
avs_k110            =  -8.28632e+01
avs_k115            =  -8.28212e+01
avs_k120            =  -8.26899e+01
avs_k125            =  -8.22884e+01
avs_k130            =  -8.11372e+01
avs_k135            =  -7.82991e+01
avs_k140            =  -7.28800e+01
avs_k145            =  -6.50933e+01
avs_k150            =  -5.59977e+01
avs_k155            =  -4.64896e+01
avs_k160            =  -3.72195e+01
avs_k165            =  -2.92106e+01
avs_k170            =  -2.51189e+01
avs_k175            =  -2.63541e+01
avs_k180            =  -2.89747e+01
avs_k185            =  -3.06194e+01
avs_k190            =  -3.10064e+01
avs_k195            =  -3.06793e+01
avs_win_max         =  -8.28827e+01 at=  1.00000e+03

ngspice-46 done
