
Note: No compatibility mode selected!


Circuit: * klt sim -- generated corner deck, do not edit

Doing analysis at TEMP = -40.000000 and TNOM = 27.000000

Using SPARSE 1.3 as Direct Linear Solver

No. of Data Rows : 201

  Measurements for AC Analysis

avs_k000            =  -6.94246e+01
avs_k005            =  -6.94249e+01
avs_k010            =  -6.94250e+01
avs_k015            =  -6.94250e+01
avs_k020            =  -6.94250e+01
avs_k025            =  -6.94250e+01
avs_k030            =  -6.94250e+01
avs_k035            =  -6.94250e+01
avs_k040            =  -6.94250e+01
avs_k045            =  -6.94250e+01
avs_k050            =  -6.94249e+01
avs_k055            =  -6.94249e+01
avs_k060            =  -6.94246e+01
avs_k065            =  -6.94236e+01
avs_k070            =  -6.94207e+01
avs_k075            =  -6.94116e+01
avs_k080            =  -6.93827e+01
avs_k085            =  -6.92928e+01
avs_k090            =  -6.90199e+01
avs_k095            =  -6.82551e+01
avs_k100            =  -6.64636e+01
avs_k105            =  -6.33063e+01
avs_k110            =  -5.91005e+01
avs_k115            =  -5.43852e+01
avs_k120            =  -4.94793e+01
avs_k125            =  -4.45094e+01
avs_k130            =  -3.95190e+01
avs_k135            =  -3.45219e+01
avs_k140            =  -2.95224e+01
avs_k145            =  -2.45215e+01
avs_k150            =  -1.95179e+01
avs_k155            =  -1.45083e+01
avs_k160            =  -9.49704e+00
avs_k165            =  -4.62117e+00
avs_k170            =  -9.58886e-01
avs_k175            =  -1.36379e+00
avs_k180            =  -5.27957e+00
avs_k185            =  -1.02089e+01
avs_k190            =  -1.55827e+01
avs_k195            =  -2.15938e+01
avs_win_max         =  -6.93827e+01 at=  1.00000e+03

ngspice-46 done
