
Note: No compatibility mode selected!


Circuit: * klt sim -- generated corner deck, do not edit

Doing analysis at TEMP = 125.000000 and TNOM = 27.000000

Using SPARSE 1.3 as Direct Linear Solver
Note: Starting dynamic gmin stepping
Note: Dynamic gmin stepping completed

No. of Data Rows : 201

  Measurements for AC Analysis

avs_k000            =  -7.92066e+01
avs_k005            =  -7.92066e+01
avs_k010            =  -7.92066e+01
avs_k015            =  -7.92066e+01
avs_k020            =  -7.92066e+01
avs_k025            =  -7.92066e+01
avs_k030            =  -7.92066e+01
avs_k035            =  -7.92066e+01
avs_k040            =  -7.92066e+01
avs_k045            =  -7.92066e+01
avs_k050            =  -7.92066e+01
avs_k055            =  -7.92066e+01
avs_k060            =  -7.92066e+01
avs_k065            =  -7.92066e+01
avs_k070            =  -7.92066e+01
avs_k075            =  -7.92066e+01
avs_k080            =  -7.92066e+01
avs_k085            =  -7.92066e+01
avs_k090            =  -7.92065e+01
avs_k095            =  -7.92062e+01
avs_k100            =  -7.92054e+01
avs_k105            =  -7.92026e+01
avs_k110            =  -7.91939e+01
avs_k115            =  -7.91665e+01
avs_k120            =  -7.90803e+01
avs_k125            =  -7.88139e+01
avs_k130            =  -7.80251e+01
avs_k135            =  -7.59381e+01
avs_k140            =  -7.15093e+01
avs_k145            =  -6.44777e+01
avs_k150            =  -5.57496e+01
avs_k155            =  -4.63847e+01
avs_k160            =  -3.71779e+01
avs_k165            =  -2.92117e+01
avs_k170            =  -2.51173e+01
avs_k175            =  -2.63646e+01
avs_k180            =  -2.90837e+01
avs_k185            =  -3.08241e+01
avs_k190            =  -3.12039e+01
avs_k195            =  -3.08240e+01
avs_win_max         =  -7.92066e+01 at=  1.00000e+03

ngspice-46 done
