
Note: No compatibility mode selected!


Circuit: * klt sim -- generated corner deck, do not edit

Doing analysis at TEMP = -40.000000 and TNOM = 27.000000

Using SPARSE 1.3 as Direct Linear Solver
Note: Starting dynamic gmin stepping
Note: Dynamic gmin stepping completed

No. of Data Rows : 201

  Measurements for AC Analysis

avs_k000            =  -6.69368e+01
avs_k005            =  -6.69369e+01
avs_k010            =  -6.69370e+01
avs_k015            =  -6.69370e+01
avs_k020            =  -6.69370e+01
avs_k025            =  -6.69370e+01
avs_k030            =  -6.69370e+01
avs_k035            =  -6.69370e+01
avs_k040            =  -6.69370e+01
avs_k045            =  -6.69370e+01
avs_k050            =  -6.69370e+01
avs_k055            =  -6.69369e+01
avs_k060            =  -6.69368e+01
avs_k065            =  -6.69363e+01
avs_k070            =  -6.69346e+01
avs_k075            =  -6.69295e+01
avs_k080            =  -6.69134e+01
avs_k085            =  -6.68628e+01
avs_k090            =  -6.67065e+01
avs_k095            =  -6.62465e+01
avs_k100            =  -6.50478e+01
avs_k105            =  -6.25859e+01
avs_k110            =  -5.88415e+01
avs_k115            =  -5.43282e+01
avs_k120            =  -4.94942e+01
avs_k125            =  -4.45481e+01
avs_k130            =  -3.95652e+01
avs_k135            =  -3.45707e+01
avs_k140            =  -2.95726e+01
avs_k145            =  -2.45736e+01
avs_k150            =  -1.95756e+01
avs_k155            =  -1.45828e+01
avs_k160            =  -9.62109e+00
avs_k165            =  -4.86374e+00
avs_k170            =  -1.26414e+00
avs_k175            =  -1.15968e+00
avs_k180            =  -4.55201e+00
avs_k185            =  -9.26457e+00
avs_k190            =  -1.45257e+01
avs_k195            =  -2.04406e+01
avs_win_max         =  -6.69134e+01 at=  1.00000e+03

ngspice-46 done
