
Note: No compatibility mode selected!


Circuit: * klt sim -- generated corner deck, do not edit

Doing analysis at TEMP = 27.000000 and TNOM = 27.000000

Using SPARSE 1.3 as Direct Linear Solver
Note: Starting dynamic gmin stepping
Note: Dynamic gmin stepping completed

No. of Data Rows : 201

  Measurements for AC Analysis

avs_k000            =  -6.70875e+01
avs_k005            =  -6.70876e+01
avs_k010            =  -6.70877e+01
avs_k015            =  -6.70877e+01
avs_k020            =  -6.70877e+01
avs_k025            =  -6.70877e+01
avs_k030            =  -6.70877e+01
avs_k035            =  -6.70877e+01
avs_k040            =  -6.70877e+01
avs_k045            =  -6.70877e+01
avs_k050            =  -6.70877e+01
avs_k055            =  -6.70876e+01
avs_k060            =  -6.70873e+01
avs_k065            =  -6.70864e+01
avs_k070            =  -6.70838e+01
avs_k075            =  -6.70752e+01
avs_k080            =  -6.70484e+01
avs_k085            =  -6.69648e+01
avs_k090            =  -6.67103e+01
avs_k095            =  -6.59917e+01
avs_k100            =  -6.42824e+01
avs_k105            =  -6.12098e+01
avs_k110            =  -5.70540e+01
avs_k115            =  -5.23591e+01
avs_k120            =  -4.74602e+01
avs_k125            =  -4.24927e+01
avs_k130            =  -3.75029e+01
avs_k135            =  -3.25059e+01
avs_k140            =  -2.75062e+01
avs_k145            =  -2.25040e+01
avs_k150            =  -1.74968e+01
avs_k155            =  -1.24791e+01
avs_k160            =  -7.47057e+00
avs_k165            =  -2.80580e+00
avs_k170            =  -3.87686e-01
avs_k175            =  -2.44845e+00
avs_k180            =  -6.83206e+00
avs_k185            =  -1.18104e+01
avs_k190            =  -1.71279e+01
avs_k195            =  -2.29501e+01
avs_win_max         =  -6.70484e+01 at=  1.00000e+03

ngspice-46 done
