
Note: No compatibility mode selected!


Circuit: * klt sim -- generated corner deck, do not edit

Doing analysis at TEMP = 27.000000 and TNOM = 27.000000

Using SPARSE 1.3 as Direct Linear Solver
Note: Starting dynamic gmin stepping
Note: Dynamic gmin stepping completed

No. of Data Rows : 201

  Measurements for AC Analysis

avs_k000            =  -5.86460e+01
avs_k005            =  -5.86460e+01
avs_k010            =  -5.86460e+01
avs_k015            =  -5.86460e+01
avs_k020            =  -5.86460e+01
avs_k025            =  -5.86460e+01
avs_k030            =  -5.86460e+01
avs_k035            =  -5.86460e+01
avs_k040            =  -5.86460e+01
avs_k045            =  -5.86460e+01
avs_k050            =  -5.86460e+01
avs_k055            =  -5.86460e+01
avs_k060            =  -5.86460e+01
avs_k065            =  -5.86460e+01
avs_k070            =  -5.86460e+01
avs_k075            =  -5.86460e+01
avs_k080            =  -5.86460e+01
avs_k085            =  -5.86460e+01
avs_k090            =  -5.86460e+01
avs_k095            =  -5.86459e+01
avs_k100            =  -5.86458e+01
avs_k105            =  -5.86455e+01
avs_k110            =  -5.86445e+01
avs_k115            =  -5.86412e+01
avs_k120            =  -5.86310e+01
avs_k125            =  -5.85987e+01
avs_k130            =  -5.84973e+01
avs_k135            =  -5.81854e+01
avs_k140            =  -5.72747e+01
avs_k145            =  -5.49391e+01
avs_k150            =  -5.02126e+01
avs_k155            =  -4.30737e+01
avs_k160            =  -3.47003e+01
avs_k165            =  -2.68006e+01
avs_k170            =  -2.21657e+01
avs_k175            =  -2.29564e+01
avs_k180            =  -2.61630e+01
avs_k185            =  -2.87415e+01
avs_k190            =  -2.92425e+01
avs_k195            =  -2.85648e+01
avs_win_max         =  -5.86460e+01 at=  1.00000e+03

ngspice-46 done
