
Note: No compatibility mode selected!


Circuit: * klt sim -- generated corner deck, do not edit

Doing analysis at TEMP = -40.000000 and TNOM = 27.000000

Using SPARSE 1.3 as Direct Linear Solver

No. of Data Rows : 201

  Measurements for AC Analysis

avs_k000            =  -7.43770e+01
avs_k005            =  -7.43770e+01
avs_k010            =  -7.43770e+01
avs_k015            =  -7.43770e+01
avs_k020            =  -7.43770e+01
avs_k025            =  -7.43770e+01
avs_k030            =  -7.43770e+01
avs_k035            =  -7.43770e+01
avs_k040            =  -7.43770e+01
avs_k045            =  -7.43770e+01
avs_k050            =  -7.43770e+01
avs_k055            =  -7.43770e+01
avs_k060            =  -7.43770e+01
avs_k065            =  -7.43770e+01
avs_k070            =  -7.43770e+01
avs_k075            =  -7.43770e+01
avs_k080            =  -7.43770e+01
avs_k085            =  -7.43770e+01
avs_k090            =  -7.43769e+01
avs_k095            =  -7.43768e+01
avs_k100            =  -7.43765e+01
avs_k105            =  -7.43756e+01
avs_k110            =  -7.43726e+01
avs_k115            =  -7.43630e+01
avs_k120            =  -7.43328e+01
avs_k125            =  -7.42381e+01
avs_k130            =  -7.39459e+01
avs_k135            =  -7.30877e+01
avs_k140            =  -7.08575e+01
avs_k145            =  -6.62476e+01
avs_k150            =  -5.91012e+01
avs_k155            =  -5.03810e+01
avs_k160            =  -4.12150e+01
avs_k165            =  -3.26579e+01
avs_k170            =  -2.64475e+01
avs_k175            =  -2.50138e+01
avs_k180            =  -2.70864e+01
avs_k185            =  -2.93293e+01
avs_k190            =  -3.02878e+01
avs_k195            =  -2.99314e+01
avs_win_max         =  -7.43770e+01 at=  1.00000e+03

ngspice-46 done
