
Note: No compatibility mode selected!


Circuit: * klt sim -- generated corner deck, do not edit

Doing analysis at TEMP = 125.000000 and TNOM = 27.000000

Using SPARSE 1.3 as Direct Linear Solver
Note: Starting dynamic gmin stepping
Note: Dynamic gmin stepping completed

No. of Data Rows : 201

  Measurements for AC Analysis

avs_k000            =  -6.68701e+01
avs_k005            =  -6.68702e+01
avs_k010            =  -6.68703e+01
avs_k015            =  -6.68703e+01
avs_k020            =  -6.68703e+01
avs_k025            =  -6.68703e+01
avs_k030            =  -6.68703e+01
avs_k035            =  -6.68703e+01
avs_k040            =  -6.68703e+01
avs_k045            =  -6.68703e+01
avs_k050            =  -6.68703e+01
avs_k055            =  -6.68702e+01
avs_k060            =  -6.68698e+01
avs_k065            =  -6.68688e+01
avs_k070            =  -6.68656e+01
avs_k075            =  -6.68555e+01
avs_k080            =  -6.68238e+01
avs_k085            =  -6.67248e+01
avs_k090            =  -6.64259e+01
avs_k095            =  -6.55970e+01
avs_k100            =  -6.36952e+01
avs_k105            =  -6.04290e+01
avs_k110            =  -5.61612e+01
avs_k115            =  -5.14210e+01
avs_k120            =  -4.65065e+01
avs_k125            =  -4.15339e+01
avs_k130            =  -3.65425e+01
avs_k135            =  -3.15449e+01
avs_k140            =  -2.65447e+01
avs_k145            =  -2.15417e+01
avs_k150            =  -1.65320e+01
avs_k155            =  -1.15086e+01
avs_k160            =  -6.50091e+00
avs_k165            =  -1.97711e+00
avs_k170            =  -3.46078e-01
avs_k175            =  -3.27398e+00
avs_k180            =  -7.94153e+00
avs_k185            =  -1.29742e+01
avs_k190            =  -1.82488e+01
avs_k195            =  -2.39378e+01
avs_win_max         =  -6.68238e+01 at=  1.00000e+03

ngspice-46 done
