
Note: No compatibility mode selected!


Circuit: * klt sim -- generated corner deck, do not edit

Doing analysis at TEMP = 125.000000 and TNOM = 27.000000

Using SPARSE 1.3 as Direct Linear Solver
Note: Starting dynamic gmin stepping
Note: Dynamic gmin stepping completed

No. of Data Rows : 201

  Measurements for AC Analysis

avs_k000            =  -7.00656e+01
avs_k005            =  -7.00656e+01
avs_k010            =  -7.00656e+01
avs_k015            =  -7.00656e+01
avs_k020            =  -7.00656e+01
avs_k025            =  -7.00656e+01
avs_k030            =  -7.00656e+01
avs_k035            =  -7.00656e+01
avs_k040            =  -7.00656e+01
avs_k045            =  -7.00656e+01
avs_k050            =  -7.00656e+01
avs_k055            =  -7.00656e+01
avs_k060            =  -7.00656e+01
avs_k065            =  -7.00656e+01
avs_k070            =  -7.00656e+01
avs_k075            =  -7.00656e+01
avs_k080            =  -7.00656e+01
avs_k085            =  -7.00655e+01
avs_k090            =  -7.00655e+01
avs_k095            =  -7.00654e+01
avs_k100            =  -7.00650e+01
avs_k105            =  -7.00638e+01
avs_k110            =  -7.00599e+01
avs_k115            =  -7.00478e+01
avs_k120            =  -7.00095e+01
avs_k125            =  -6.98896e+01
avs_k130            =  -6.95219e+01
avs_k135            =  -6.84586e+01
avs_k140            =  -6.57916e+01
avs_k145            =  -6.05837e+01
avs_k150            =  -5.29799e+01
avs_k155            =  -4.41023e+01
avs_k160            =  -3.51097e+01
avs_k165            =  -2.74187e+01
avs_k170            =  -2.39170e+01
avs_k175            =  -2.53318e+01
avs_k180            =  -2.77306e+01
avs_k185            =  -2.90083e+01
avs_k190            =  -2.90305e+01
avs_k195            =  -2.85633e+01
avs_win_max         =  -7.00656e+01 at=  1.00000e+03

ngspice-46 done
