
Note: No compatibility mode selected!


Circuit: * klt sim -- generated corner deck, do not edit

Doing analysis at TEMP = -40.000000 and TNOM = 27.000000

Using SPARSE 1.3 as Direct Linear Solver

No. of Data Rows : 201

  Measurements for AC Analysis

avs_k000            =  -6.62124e+01
avs_k005            =  -6.62125e+01
avs_k010            =  -6.62125e+01
avs_k015            =  -6.62126e+01
avs_k020            =  -6.62126e+01
avs_k025            =  -6.62126e+01
avs_k030            =  -6.62126e+01
avs_k035            =  -6.62126e+01
avs_k040            =  -6.62126e+01
avs_k045            =  -6.62125e+01
avs_k050            =  -6.62125e+01
avs_k055            =  -6.62125e+01
avs_k060            =  -6.62123e+01
avs_k065            =  -6.62117e+01
avs_k070            =  -6.62100e+01
avs_k075            =  -6.62044e+01
avs_k080            =  -6.61869e+01
avs_k085            =  -6.61319e+01
avs_k090            =  -6.59624e+01
avs_k095            =  -6.54662e+01
avs_k100            =  -6.41904e+01
avs_k105            =  -6.16259e+01
avs_k110            =  -5.78053e+01
avs_k115            =  -5.32565e+01
avs_k120            =  -4.84095e+01
avs_k125            =  -4.34590e+01
avs_k130            =  -3.84747e+01
avs_k135            =  -3.34797e+01
avs_k140            =  -2.84809e+01
avs_k145            =  -2.34806e+01
avs_k150            =  -1.84783e+01
avs_k155            =  -1.34739e+01
avs_k160            =  -8.49015e+00
avs_k165            =  -3.77239e+00
avs_k170            =  -7.06447e-01
avs_k175            =  -1.67268e+00
avs_k180            =  -5.57163e+00
avs_k185            =  -1.04261e+01
avs_k190            =  -1.57630e+01
avs_k195            =  -2.17270e+01
avs_win_max         =  -6.61869e+01 at=  1.00000e+03

ngspice-46 done
