
Note: No compatibility mode selected!


Circuit: * klt sim -- generated corner deck, do not edit

Doing analysis at TEMP = 125.000000 and TNOM = 27.000000

Using SPARSE 1.3 as Direct Linear Solver
Note: Starting dynamic gmin stepping
Note: Dynamic gmin stepping completed

No. of Data Rows : 201

  Measurements for AC Analysis

avs_k000            =  -6.90762e+01
avs_k005            =  -6.90764e+01
avs_k010            =  -6.90765e+01
avs_k015            =  -6.90765e+01
avs_k020            =  -6.90765e+01
avs_k025            =  -6.90765e+01
avs_k030            =  -6.90765e+01
avs_k035            =  -6.90765e+01
avs_k040            =  -6.90765e+01
avs_k045            =  -6.90765e+01
avs_k050            =  -6.90764e+01
avs_k055            =  -6.90763e+01
avs_k060            =  -6.90758e+01
avs_k065            =  -6.90742e+01
avs_k070            =  -6.90693e+01
avs_k075            =  -6.90537e+01
avs_k080            =  -6.90049e+01
avs_k085            =  -6.88540e+01
avs_k090            =  -6.84087e+01
avs_k095            =  -6.72421e+01
avs_k100            =  -6.48243e+01
avs_k105            =  -6.11135e+01
avs_k110            =  -5.66162e+01
avs_k115            =  -5.17881e+01
avs_k120            =  -4.68439e+01
avs_k125            =  -4.18616e+01
avs_k130            =  -3.68672e+01
avs_k135            =  -3.18686e+01
avs_k140            =  -2.68681e+01
avs_k145            =  -2.18650e+01
avs_k150            =  -1.68554e+01
avs_k155            =  -1.18313e+01
avs_k160            =  -6.81373e+00
avs_k165            =  -2.20792e+00
avs_k170            =  -2.94023e-01
avs_k175            =  -3.05427e+00
avs_k180            =  -7.71288e+00
avs_k185            =  -1.27669e+01
avs_k190            =  -1.80932e+01
avs_k195            =  -2.38877e+01
avs_win_max         =  -6.90049e+01 at=  1.00000e+03

ngspice-46 done
