
Note: No compatibility mode selected!


Circuit: * klt sim -- generated corner deck, do not edit

Doing analysis at TEMP = -40.000000 and TNOM = 27.000000

Using SPARSE 1.3 as Direct Linear Solver
Note: Starting dynamic gmin stepping
Note: Dynamic gmin stepping completed

No. of Data Rows : 201

  Measurements for AC Analysis

avs_k000            =  -8.36886e+01
avs_k005            =  -8.36886e+01
avs_k010            =  -8.36886e+01
avs_k015            =  -8.36886e+01
avs_k020            =  -8.36886e+01
avs_k025            =  -8.36886e+01
avs_k030            =  -8.36886e+01
avs_k035            =  -8.36886e+01
avs_k040            =  -8.36886e+01
avs_k045            =  -8.36886e+01
avs_k050            =  -8.36886e+01
avs_k055            =  -8.36886e+01
avs_k060            =  -8.36886e+01
avs_k065            =  -8.36886e+01
avs_k070            =  -8.36886e+01
avs_k075            =  -8.36886e+01
avs_k080            =  -8.36886e+01
avs_k085            =  -8.36885e+01
avs_k090            =  -8.36885e+01
avs_k095            =  -8.36882e+01
avs_k100            =  -8.36874e+01
avs_k105            =  -8.36850e+01
avs_k110            =  -8.36773e+01
avs_k115            =  -8.36529e+01
avs_k120            =  -8.35765e+01
avs_k125            =  -8.33402e+01
avs_k130            =  -8.26406e+01
avs_k135            =  -8.07859e+01
avs_k140            =  -7.67983e+01
avs_k145            =  -7.02550e+01
avs_k150            =  -6.18154e+01
avs_k155            =  -5.25094e+01
avs_k160            =  -4.31278e+01
avs_k165            =  -3.44743e+01
avs_k170            =  -2.80650e+01
avs_k175            =  -2.61856e+01
avs_k180            =  -2.79442e+01
avs_k185            =  -3.00634e+01
avs_k190            =  -3.11173e+01
avs_k195            =  -3.10065e+01
avs_win_max         =  -8.36886e+01 at=  1.00000e+03

ngspice-46 done
