
Note: No compatibility mode selected!


Circuit: * klt sim -- generated corner deck, do not edit

Doing analysis at TEMP = -40.000000 and TNOM = 27.000000

Using SPARSE 1.3 as Direct Linear Solver
Note: Starting dynamic gmin stepping
Note: Dynamic gmin stepping completed

No. of Data Rows : 201

  Measurements for AC Analysis

avs_k000            =  -6.50879e+01
avs_k005            =  -6.50880e+01
avs_k010            =  -6.50880e+01
avs_k015            =  -6.50880e+01
avs_k020            =  -6.50880e+01
avs_k025            =  -6.50880e+01
avs_k030            =  -6.50880e+01
avs_k035            =  -6.50880e+01
avs_k040            =  -6.50880e+01
avs_k045            =  -6.50880e+01
avs_k050            =  -6.50880e+01
avs_k055            =  -6.50880e+01
avs_k060            =  -6.50878e+01
avs_k065            =  -6.50874e+01
avs_k070            =  -6.50862e+01
avs_k075            =  -6.50822e+01
avs_k080            =  -6.50698e+01
avs_k085            =  -6.50306e+01
avs_k090            =  -6.49091e+01
avs_k095            =  -6.45458e+01
avs_k100            =  -6.35635e+01
avs_k105            =  -6.14147e+01
avs_k110            =  -5.79234e+01
avs_k115            =  -5.35350e+01
avs_k120            =  -4.87478e+01
avs_k125            =  -4.38173e+01
avs_k130            =  -3.88396e+01
avs_k135            =  -3.38467e+01
avs_k140            =  -2.88493e+01
avs_k145            =  -2.38509e+01
avs_k150            =  -1.88544e+01
avs_k155            =  -1.38670e+01
avs_k160            =  -8.92636e+00
avs_k165            =  -4.26316e+00
avs_k170            =  -9.96133e-01
avs_k175            =  -1.31823e+00
avs_k180            =  -4.81525e+00
avs_k185            =  -9.51977e+00
avs_k190            =  -1.47669e+01
avs_k195            =  -2.06490e+01
avs_win_max         =  -6.50698e+01 at=  1.00000e+03

ngspice-46 done
