
Note: No compatibility mode selected!


Circuit: * klt sim -- generated corner deck, do not edit

Doing analysis at TEMP = 27.000000 and TNOM = 27.000000

Using SPARSE 1.3 as Direct Linear Solver
Note: Starting dynamic gmin stepping
Note: Dynamic gmin stepping completed

No. of Data Rows : 201

  Measurements for AC Analysis

avs_k000            =  -6.77594e+01
avs_k005            =  -6.77596e+01
avs_k010            =  -6.77596e+01
avs_k015            =  -6.77597e+01
avs_k020            =  -6.77597e+01
avs_k025            =  -6.77597e+01
avs_k030            =  -6.77597e+01
avs_k035            =  -6.77597e+01
avs_k040            =  -6.77597e+01
avs_k045            =  -6.77596e+01
avs_k050            =  -6.77596e+01
avs_k055            =  -6.77595e+01
avs_k060            =  -6.77593e+01
avs_k065            =  -6.77584e+01
avs_k070            =  -6.77556e+01
avs_k075            =  -6.77470e+01
avs_k080            =  -6.77196e+01
avs_k085            =  -6.76343e+01
avs_k090            =  -6.73749e+01
avs_k095            =  -6.66439e+01
avs_k100            =  -6.49124e+01
avs_k105            =  -6.18166e+01
avs_k110            =  -5.76469e+01
avs_k115            =  -5.29464e+01
avs_k120            =  -4.80455e+01
avs_k125            =  -4.30773e+01
avs_k130            =  -3.80874e+01
avs_k135            =  -3.30904e+01
avs_k140            =  -2.80909e+01
avs_k145            =  -2.30897e+01
avs_k150            =  -1.80853e+01
avs_k155            =  -1.30748e+01
avs_k160            =  -8.07475e+00
avs_k165            =  -3.33992e+00
avs_k170            =  -4.74060e-01
avs_k175            =  -2.06272e+00
avs_k180            =  -6.34622e+00
avs_k185            =  -1.13088e+01
avs_k190            =  -1.66117e+01
avs_k195            =  -2.24336e+01
avs_win_max         =  -6.77196e+01 at=  1.00000e+03

ngspice-46 done
