
Note: No compatibility mode selected!


Circuit: * klt sim -- generated corner deck, do not edit

Doing analysis at TEMP = 125.000000 and TNOM = 27.000000

Using SPARSE 1.3 as Direct Linear Solver
Note: Starting dynamic gmin stepping
Note: Dynamic gmin stepping completed

No. of Data Rows : 201

  Measurements for AC Analysis

avs_k000            =  -6.14915e+01
avs_k005            =  -6.14915e+01
avs_k010            =  -6.14915e+01
avs_k015            =  -6.14915e+01
avs_k020            =  -6.14915e+01
avs_k025            =  -6.14915e+01
avs_k030            =  -6.14915e+01
avs_k035            =  -6.14915e+01
avs_k040            =  -6.14915e+01
avs_k045            =  -6.14915e+01
avs_k050            =  -6.14915e+01
avs_k055            =  -6.14915e+01
avs_k060            =  -6.14915e+01
avs_k065            =  -6.14915e+01
avs_k070            =  -6.14915e+01
avs_k075            =  -6.14915e+01
avs_k080            =  -6.14915e+01
avs_k085            =  -6.14915e+01
avs_k090            =  -6.14915e+01
avs_k095            =  -6.14914e+01
avs_k100            =  -6.14913e+01
avs_k105            =  -6.14907e+01
avs_k110            =  -6.14889e+01
avs_k115            =  -6.14833e+01
avs_k120            =  -6.14655e+01
avs_k125            =  -6.14095e+01
avs_k130            =  -6.12349e+01
avs_k135            =  -6.07074e+01
avs_k140            =  -5.92388e+01
avs_k145            =  -5.58248e+01
avs_k150            =  -4.98058e+01
avs_k155            =  -4.18009e+01
avs_k160            =  -3.31999e+01
avs_k165            =  -2.57731e+01
avs_k170            =  -2.25637e+01
avs_k175            =  -2.43272e+01
avs_k180            =  -2.73217e+01
avs_k185            =  -2.90723e+01
avs_k190            =  -2.90489e+01
avs_k195            =  -2.84615e+01
avs_win_max         =  -6.14915e+01 at=  1.00000e+03

ngspice-46 done
