
Note: No compatibility mode selected!


Circuit: * klt sim -- generated corner deck, do not edit

Doing analysis at TEMP = -40.000000 and TNOM = 27.000000

Using SPARSE 1.3 as Direct Linear Solver
Note: Starting dynamic gmin stepping
Note: Dynamic gmin stepping completed

No. of Data Rows : 201

  Measurements for AC Analysis

avs_k000            =  -6.90503e+01
avs_k005            =  -6.90503e+01
avs_k010            =  -6.90503e+01
avs_k015            =  -6.90503e+01
avs_k020            =  -6.90503e+01
avs_k025            =  -6.90503e+01
avs_k030            =  -6.90503e+01
avs_k035            =  -6.90503e+01
avs_k040            =  -6.90503e+01
avs_k045            =  -6.90503e+01
avs_k050            =  -6.90503e+01
avs_k055            =  -6.90503e+01
avs_k060            =  -6.90503e+01
avs_k065            =  -6.90503e+01
avs_k070            =  -6.90503e+01
avs_k075            =  -6.90503e+01
avs_k080            =  -6.90503e+01
avs_k085            =  -6.90503e+01
avs_k090            =  -6.90503e+01
avs_k095            =  -6.90502e+01
avs_k100            =  -6.90500e+01
avs_k105            =  -6.90494e+01
avs_k110            =  -6.90476e+01
avs_k115            =  -6.90418e+01
avs_k120            =  -6.90234e+01
avs_k125            =  -6.89656e+01
avs_k130            =  -6.87856e+01
avs_k135            =  -6.82434e+01
avs_k140            =  -6.67454e+01
avs_k145            =  -6.33025e+01
avs_k150            =  -5.72723e+01
avs_k155            =  -4.92090e+01
avs_k160            =  -4.03492e+01
avs_k165            =  -3.20050e+01
avs_k170            =  -2.60590e+01
avs_k175            =  -2.46954e+01
avs_k180            =  -2.66132e+01
avs_k185            =  -2.86919e+01
avs_k190            =  -2.94582e+01
avs_k195            =  -2.89504e+01
avs_win_max         =  -6.90503e+01 at=  1.00000e+03

ngspice-46 done
