
Note: No compatibility mode selected!


Circuit: * klt sim -- generated corner deck, do not edit

Doing analysis at TEMP = -40.000000 and TNOM = 27.000000

Using SPARSE 1.3 as Direct Linear Solver

No. of Data Rows : 201

  Measurements for AC Analysis

avs_k000            =  -5.49005e+01
avs_k005            =  -5.49005e+01
avs_k010            =  -5.49005e+01
avs_k015            =  -5.49005e+01
avs_k020            =  -5.49005e+01
avs_k025            =  -5.49005e+01
avs_k030            =  -5.49005e+01
avs_k035            =  -5.49005e+01
avs_k040            =  -5.49005e+01
avs_k045            =  -5.49005e+01
avs_k050            =  -5.49005e+01
avs_k055            =  -5.49005e+01
avs_k060            =  -5.49005e+01
avs_k065            =  -5.49005e+01
avs_k070            =  -5.49005e+01
avs_k075            =  -5.49005e+01
avs_k080            =  -5.49005e+01
avs_k085            =  -5.49005e+01
avs_k090            =  -5.49005e+01
avs_k095            =  -5.49005e+01
avs_k100            =  -5.49005e+01
avs_k105            =  -5.49003e+01
avs_k110            =  -5.48997e+01
avs_k115            =  -5.48979e+01
avs_k120            =  -5.48922e+01
avs_k125            =  -5.48743e+01
avs_k130            =  -5.48179e+01
avs_k135            =  -5.46424e+01
avs_k140            =  -5.41135e+01
avs_k145            =  -5.26523e+01
avs_k150            =  -4.92953e+01
avs_k155            =  -4.34349e+01
avs_k160            =  -3.57424e+01
avs_k165            =  -2.79050e+01
avs_k170            =  -2.25042e+01
avs_k175            =  -2.21647e+01
avs_k180            =  -2.51497e+01
avs_k185            =  -2.82973e+01
avs_k190            =  -2.93864e+01
avs_k195            =  -2.86428e+01
avs_win_max         =  -5.49005e+01 at=  1.00000e+03

ngspice-46 done
