
Note: No compatibility mode selected!


Circuit: * klt sim -- generated corner deck, do not edit

Doing analysis at TEMP = 27.000000 and TNOM = 27.000000

Using SPARSE 1.3 as Direct Linear Solver
Note: Starting dynamic gmin stepping
Note: Dynamic gmin stepping completed

No. of Data Rows : 201

  Measurements for AC Analysis

avs_k000            =  -6.95944e+01
avs_k005            =  -6.95947e+01
avs_k010            =  -6.95948e+01
avs_k015            =  -6.95948e+01
avs_k020            =  -6.95948e+01
avs_k025            =  -6.95948e+01
avs_k030            =  -6.95948e+01
avs_k035            =  -6.95948e+01
avs_k040            =  -6.95948e+01
avs_k045            =  -6.95948e+01
avs_k050            =  -6.95947e+01
avs_k055            =  -6.95946e+01
avs_k060            =  -6.95942e+01
avs_k065            =  -6.95930e+01
avs_k070            =  -6.95891e+01
avs_k075            =  -6.95768e+01
avs_k080            =  -6.95380e+01
avs_k085            =  -6.94178e+01
avs_k090            =  -6.90580e+01
avs_k095            =  -6.80841e+01
avs_k100            =  -6.59482e+01
avs_k105            =  -6.24682e+01
avs_k110            =  -5.80855e+01
avs_k115            =  -5.33005e+01
avs_k120            =  -4.83708e+01
avs_k125            =  -4.33932e+01
avs_k130            =  -3.84003e+01
avs_k135            =  -3.34023e+01
avs_k140            =  -2.84021e+01
avs_k145            =  -2.33997e+01
avs_k150            =  -1.83918e+01
avs_k155            =  -1.33700e+01
avs_k160            =  -8.33341e+00
avs_k165            =  -3.48462e+00
avs_k170            =  -4.32682e-01
avs_k175            =  -2.10644e+00
avs_k180            =  -6.53936e+00
avs_k185            =  -1.15720e+01
avs_k190            =  -1.69215e+01
avs_k195            =  -2.27984e+01
avs_win_max         =  -6.95380e+01 at=  1.00000e+03

ngspice-46 done
