
Note: No compatibility mode selected!


Circuit: * klt sim -- generated corner deck, do not edit

Doing analysis at TEMP = -40.000000 and TNOM = 27.000000

Using SPARSE 1.3 as Direct Linear Solver

No. of Data Rows : 201

  Measurements for AC Analysis

avs_k000            =  -7.81178e+01
avs_k005            =  -7.81178e+01
avs_k010            =  -7.81178e+01
avs_k015            =  -7.81178e+01
avs_k020            =  -7.81178e+01
avs_k025            =  -7.81178e+01
avs_k030            =  -7.81178e+01
avs_k035            =  -7.81178e+01
avs_k040            =  -7.81178e+01
avs_k045            =  -7.81178e+01
avs_k050            =  -7.81178e+01
avs_k055            =  -7.81178e+01
avs_k060            =  -7.81178e+01
avs_k065            =  -7.81178e+01
avs_k070            =  -7.81178e+01
avs_k075            =  -7.81178e+01
avs_k080            =  -7.81178e+01
avs_k085            =  -7.81178e+01
avs_k090            =  -7.81177e+01
avs_k095            =  -7.81176e+01
avs_k100            =  -7.81172e+01
avs_k105            =  -7.81158e+01
avs_k110            =  -7.81116e+01
avs_k115            =  -7.80981e+01
avs_k120            =  -7.80557e+01
avs_k125            =  -7.79230e+01
avs_k130            =  -7.75165e+01
avs_k135            =  -7.63460e+01
avs_k140            =  -7.34434e+01
avs_k145            =  -6.79016e+01
avs_k150            =  -6.00152e+01
avs_k155            =  -5.09199e+01
avs_k160            =  -4.15780e+01
avs_k165            =  -3.28604e+01
avs_k170            =  -2.64497e+01
avs_k175            =  -2.51668e+01
avs_k180            =  -2.75927e+01
avs_k185            =  -3.00965e+01
avs_k190            =  -3.12596e+01
avs_k195            =  -3.10620e+01
avs_win_max         =  -7.81178e+01 at=  1.00000e+03

ngspice-46 done
