
Note: No compatibility mode selected!


Circuit: * klt sim -- generated corner deck, do not edit

Doing analysis at TEMP = 125.000000 and TNOM = 27.000000

Using SPARSE 1.3 as Direct Linear Solver
Note: Starting dynamic gmin stepping
Note: Dynamic gmin stepping completed

No. of Data Rows : 201

  Measurements for AC Analysis

avs_k000            =  -7.51547e+01
avs_k005            =  -7.51547e+01
avs_k010            =  -7.51547e+01
avs_k015            =  -7.51547e+01
avs_k020            =  -7.51547e+01
avs_k025            =  -7.51547e+01
avs_k030            =  -7.51547e+01
avs_k035            =  -7.51547e+01
avs_k040            =  -7.51547e+01
avs_k045            =  -7.51547e+01
avs_k050            =  -7.51547e+01
avs_k055            =  -7.51547e+01
avs_k060            =  -7.51547e+01
avs_k065            =  -7.51547e+01
avs_k070            =  -7.51547e+01
avs_k075            =  -7.51547e+01
avs_k080            =  -7.51547e+01
avs_k085            =  -7.51547e+01
avs_k090            =  -7.51547e+01
avs_k095            =  -7.51545e+01
avs_k100            =  -7.51538e+01
avs_k105            =  -7.51519e+01
avs_k110            =  -7.51458e+01
avs_k115            =  -7.51265e+01
avs_k120            =  -7.50658e+01
avs_k125            =  -7.48767e+01
avs_k130            =  -7.43065e+01
avs_k135            =  -7.27285e+01
avs_k140            =  -6.91045e+01
avs_k145            =  -6.28150e+01
avs_k150            =  -5.44980e+01
avs_k155            =  -4.52983e+01
avs_k160            =  -3.61583e+01
avs_k165            =  -2.82888e+01
avs_k170            =  -2.44572e+01
avs_k175            =  -2.57888e+01
avs_k180            =  -2.83411e+01
avs_k185            =  -2.98406e+01
avs_k190            =  -3.00338e+01
avs_k195            =  -2.96002e+01
avs_win_max         =  -7.51547e+01 at=  1.00000e+03

ngspice-46 done
