
Note: No compatibility mode selected!


Circuit: * klt sim -- generated corner deck, do not edit

Doing analysis at TEMP = 125.000000 and TNOM = 27.000000

Using SPARSE 1.3 as Direct Linear Solver
Note: Starting dynamic gmin stepping
Note: Dynamic gmin stepping completed

Initial Transient Solution
--------------------------

Node                                   Voltage
----                                   -------
vdd                                       1.62
vss                                          0
ibias                                 0.597776
xdut.d1                               0.781319
xdut.d2                               0.772246
inn                                   0.789807
xdut.tail                             0.143232
inp                                       0.79
out                                   0.789807
xdut.cz                               0.772246
xdut.xrz.ra                           0.772246
xdut.xcc.a                            0.789807
xdut.xcc.b1                           0.789807
mid                                       0.81
ofs                               -0.000192943
gtrk_int1                                    0
lo                                    0.789407
hi                                    0.790207
bhi#branch                                   0
blo#branch                                   0
bgtrk#branch                                 0
bmid#branch                                  0
vinp#branch                                  0
vss#branch                         6.49514e-05
vdd#branch                        -6.49514e-05


No. of Data Rows : 4014

  Measurements for Transient Analysis

v_init              =  7.89807e-01
v_ofs               =  -1.92943e-04
v_final             =  8.29824e-01
v_peak              =  8.31668e-01 at=  2.26050e-07
t_lo_cross          =   2.18957e-07
t_hi_cross          =   2.41046e-07

ngspice-46 done
