
Note: No compatibility mode selected!


Circuit: * klt sim -- generated corner deck, do not edit

Doing analysis at TEMP = 27.000000 and TNOM = 27.000000

Using SPARSE 1.3 as Direct Linear Solver
Note: Starting dynamic gmin stepping
Note: Dynamic gmin stepping completed

Initial Transient Solution
--------------------------

Node                                   Voltage
----                                   -------
vdd                                        1.8
vss                                          0
ibias                                 0.597404
xdut.d1                               0.871172
xdut.d2                               0.764734
inn                                   0.538031
xdut.tail                             0.009645
inp                                       0.54
out                                   0.538031
xdut.na                               0.596457
xdut.nx                              0.0111189
xdut.cz                               0.764734
xdut.xrz.ra                           0.764734
xdut.xcc.a                            0.538031
xdut.xcc.b1                           0.538031
p                                            0
l20                                      0.684
l80                                      1.116
bl80#branch                                  0
bl20#branch                                  0
bin#branch                                   0
vp#branch                                    0
vss#branch                         6.23063e-05
vdd#branch                        -6.23063e-05


No. of Data Rows : 1124

  Measurements for Transient Analysis

t20_rise            =   2.08494e-07
t80_rise            =   2.29398e-07
t80_fall            =   1.21486e-06
t20_fall            =   1.23729e-06

ngspice-46 done
