
Note: No compatibility mode selected!


Circuit: * klt sim -- generated corner deck, do not edit

Doing analysis at TEMP = 125.000000 and TNOM = 27.000000

Using SPARSE 1.3 as Direct Linear Solver
Note: Starting dynamic gmin stepping
Note: Dynamic gmin stepping completed

Initial Transient Solution
--------------------------

Node                                   Voltage
----                                   -------
vdd                                        1.8
vss                                          0
ibias                                 0.541807
xdut.d1                               0.937157
xdut.d2                               0.932784
inn                                   0.879915
xdut.tail                             0.265462
inp                                       0.88
out                                   0.879915
xdut.cz                               0.932784
xdut.xrz.ra                           0.932784
xdut.xcc.a                            0.879915
xdut.xcc.b1                           0.879915
mid                                        0.9
ofs                               -8.51579e-05
gtrk_int1                                    0
lo                                    0.879515
hi                                    0.880315
bhi#branch                                   0
blo#branch                                   0
bgtrk#branch                                 0
bmid#branch                                  0
vinp#branch                                  0
vss#branch                         6.61158e-05
vdd#branch                        -6.61158e-05


No. of Data Rows : 4014

  Measurements for Transient Analysis

v_init              =  8.79915e-01
v_ofs               =  -8.51578e-05
v_final             =  9.19905e-01
v_peak              =  9.21817e-01 at=  2.24050e-07
t_lo_cross          =   2.17508e-07
t_hi_cross          =   2.37265e-07

ngspice-46 done
