
Note: No compatibility mode selected!


Circuit: * klt sim -- generated corner deck, do not edit

Doing analysis at TEMP = 125.000000 and TNOM = 27.000000

Using SPARSE 1.3 as Direct Linear Solver

Initial Transient Solution
--------------------------

Node                                   Voltage
----                                   -------
vdd                                        1.8
vss                                          0
ibias                                 0.541807
xdut.d1                               0.887912
xdut.d2                                1.79534
inn                                5.25576e-07
xdut.tail                              0.11293
inp                                       0.54
out                                5.25576e-07
xdut.cz                                1.79534
xdut.xrz.ra                            1.79534
xdut.xcc.a                         5.25576e-07
xdut.xcc.b1                        5.25576e-07
p                                            0
l20                                      0.684
l80                                      1.116
bl80#branch                                  0
bl20#branch                                  0
bin#branch                                   0
vp#branch                                    0
vss#branch                         1.38206e-05
vdd#branch                        -1.38206e-05


No. of Data Rows : 1126

  Measurements for Transient Analysis

t20_rise            =   2.53044e-07
t80_rise            =   2.72416e-07
t80_fall            =   1.21722e-06
t20_fall            =   1.26365e-06

ngspice-46 done
