
Note: No compatibility mode selected!


Circuit: * klt sim -- generated corner deck, do not edit

Doing analysis at TEMP = -40.000000 and TNOM = 27.000000

Using SPARSE 1.3 as Direct Linear Solver
Note: Starting dynamic gmin stepping
Note: Dynamic gmin stepping completed

Initial Transient Solution
--------------------------

Node                                   Voltage
----                                   -------
vdd                                        1.8
vss                                          0
ibias                                  0.69935
xdut.d1                               0.857087
xdut.d2                               0.668474
inn                                   0.538364
xdut.tail                          0.000859948
inp                                       0.54
out                                   0.538364
xdut.cz                               0.668474
xdut.xrz.ra                           0.668474
xdut.xcc.a                            0.538364
xdut.xcc.b1                           0.538364
p                                            0
l20                                      0.684
l80                                      1.116
bl80#branch                                  0
bl20#branch                                  0
bin#branch                                   0
vp#branch                                    0
vss#branch                          5.4266e-05
vdd#branch                         -5.4266e-05


No. of Data Rows : 1126

  Measurements for Transient Analysis

t20_rise            =   2.09441e-07
t80_rise            =   2.31391e-07
t80_fall            =   1.21513e-06
t20_fall            =   1.24493e-06

ngspice-46 done
