$ ngspice -b tb.spice

--- stdout ---

Note: Compatibility modes selected: hs a


Circuit: * opamp_core unity-gain-buffer slew-rate testbench (issue #17)

option SCALE: Scale is set to 1e-06 for instance and model parameters
option SCALE: Scale is set to 1e-06 for instance and model parameters
Doing analysis at TEMP = 27.000000 and TNOM = 27.000000

Using SPARSE 1.3 as Direct Linear Solver

Initial Transient Solution
--------------------------

Node                                   Voltage
----                                   -------
d1                                     1.06523
vdd                                        1.8
d2                                    0.884611
inn                                   0.535655
tail                                0.00300056
vss                                          0
inp                                       0.54
ibias                                 0.659039
out                                   0.535655
cz                                    0.884611
xrz.ra                                0.884611
xcc.a                                 0.535655
xcc.b1                                0.535655
vinp#branch                                  0
vss#branch                         5.49228e-05
vdd#branch                        -5.49228e-05

 Reference value :  0.00000e+00
No. of Data Rows : 1124
sr_rise_s           =  2.12436e-08 targ=  2.29419e-07 trig=  2.08176e-07
sr_fall_s           =  3.04745e-08 targ=  1.24505e-06 trig=  1.21457e-06
Note: Simulation executed from .control section 

--- stderr ---
Warning: m=xx on .subckt line will override multiplier m hierarchy!

Note: Starting dynamic gmin stepping
Note: Dynamic gmin stepping completed

