$ ngspice -b tb.spice

--- stdout ---

Note: Compatibility modes selected: hs a


Circuit: * opamp_core unity-gain-buffer slew-rate testbench (issue #17)

option SCALE: Scale is set to 1e-06 for instance and model parameters
option SCALE: Scale is set to 1e-06 for instance and model parameters
Doing analysis at TEMP = -40.000000 and TNOM = 27.000000

Using SPARSE 1.3 as Direct Linear Solver

Initial Transient Solution
--------------------------

Node                                   Voltage
----                                   -------
d1                                     1.01086
vdd                                       1.98
d2                                    0.922255
inn                                   0.592062
tail                                0.00729246
vss                                          0
inp                                      0.594
ibias                                 0.648243
out                                   0.592062
cz                                    0.922255
xrz.ra                                0.922255
xcc.a                                 0.592062
xcc.b1                                0.592062
vinp#branch                                  0
vss#branch                         5.62304e-05
vdd#branch                        -5.62304e-05

 Reference value :  0.00000e+00
No. of Data Rows : 1125
sr_rise_s           =  2.28256e-08 targ=  2.30821e-07 trig=  2.07996e-07
sr_fall_s           =  3.11281e-08 targ=  1.24537e-06 trig=  1.21424e-06
Note: Simulation executed from .control section 

--- stderr ---
Warning: m=xx on .subckt line will override multiplier m hierarchy!

Note: Starting dynamic gmin stepping
Note: Dynamic gmin stepping completed

