$ ngspice -b tb.spice

--- stdout ---

Note: Compatibility modes selected: hs a


Circuit: * opamp_core unity-gain-buffer slew-rate testbench (issue #17)

option SCALE: Scale is set to 1e-06 for instance and model parameters
option SCALE: Scale is set to 1e-06 for instance and model parameters
Doing analysis at TEMP = 27.000000 and TNOM = 27.000000

Using SPARSE 1.3 as Direct Linear Solver

Initial Transient Solution
--------------------------

Node                                   Voltage
----                                   -------
d1                                     1.10905
vdd                                       1.98
d2                                      1.0502
inn                                   0.592722
tail                                 0.0214355
vss                                          0
inp                                      0.594
ibias                                 0.605874
out                                   0.592722
cz                                      1.0502
xrz.ra                                  1.0502
xcc.a                                 0.592722
xcc.b1                                0.592722
vinp#branch                                  0
vss#branch                         5.84702e-05
vdd#branch                        -5.84702e-05

 Reference value :  0.00000e+00
No. of Data Rows : 1124
sr_rise_s           =  2.27489e-08 targ=  2.31209e-07 trig=  2.08460e-07
sr_fall_s           =  3.13180e-08 targ=  1.24642e-06 trig=  1.21511e-06
Note: Simulation executed from .control section 

--- stderr ---
Warning: m=xx on .subckt line will override multiplier m hierarchy!

Note: Starting dynamic gmin stepping
Note: Dynamic gmin stepping completed

