$ ngspice -b tb.spice

--- stdout ---

Note: Compatibility modes selected: hs a


Circuit: * opamp_core unity-gain-buffer slew-rate testbench (issue #17)

option SCALE: Scale is set to 1e-06 for instance and model parameters
option SCALE: Scale is set to 1e-06 for instance and model parameters
Doing analysis at TEMP = -40.000000 and TNOM = 27.000000

Using SPARSE 1.3 as Direct Linear Solver

Initial Transient Solution
--------------------------

Node                                   Voltage
----                                   -------
d1                                    0.793011
vdd                                        1.8
d2                                    0.641881
inn                                    0.53719
tail                                0.00218833
vss                                          0
inp                                       0.54
ibias                                 0.639763
out                                    0.53719
cz                                    0.641881
xrz.ra                                0.641881
xcc.a                                  0.53719
xcc.b1                                 0.53719
vinp#branch                                  0
vss#branch                         5.48665e-05
vdd#branch                        -5.48665e-05

 Reference value :  0.00000e+00
No. of Data Rows : 1125
sr_rise_s           =  2.10304e-08 targ=  2.29194e-07 trig=  2.08164e-07
sr_fall_s           =  2.88787e-08 targ=  1.24257e-06 trig=  1.21369e-06
Note: Simulation executed from .control section 

--- stderr ---
Warning: m=xx on .subckt line will override multiplier m hierarchy!


