
Note: No compatibility mode selected!


Circuit: * klt sim -- generated corner deck, do not edit

Doing analysis at TEMP = -40.000000 and TNOM = 27.000000

Using SPARSE 1.3 as Direct Linear Solver
Note: Starting dynamic gmin stepping
Note: Dynamic gmin stepping completed

Initial Transient Solution
--------------------------

Node                                   Voltage
----                                   -------
vdd                                       1.98
vss                                          0
ibias                                 0.648236
xdut.d1                                1.01086
xdut.d2                               0.922262
inn                                   0.592062
xdut.tail                           0.00729222
inp                                      0.594
out                                   0.592062
xdut.cz                               0.922262
xdut.xrz.ra                           0.922262
xdut.xcc.a                            0.592062
xdut.xcc.b1                           0.592062
p                                            0
l20                                     0.7524
l80                                     1.2276
bl80#branch                                  0
bl20#branch                                  0
bin#branch                                   0
vp#branch                                    0
vss#branch                         5.62304e-05
vdd#branch                        -5.62304e-05


No. of Data Rows : 1125

  Measurements for Transient Analysis

t20_rise            =   2.07995e-07
t80_rise            =   2.30821e-07
t80_fall            =   1.21424e-06
t20_fall            =   1.24537e-06

ngspice-46 done
