
Note: No compatibility mode selected!


Circuit: * klt sim -- generated corner deck, do not edit

Doing analysis at TEMP = -40.000000 and TNOM = 27.000000

Using SPARSE 1.3 as Direct Linear Solver

No. of Data Rows : 181

  Measurements for AC Analysis

adm_1hz_db          =  6.69763e+01
acm_1hz_db          =  1.18662e+01
adm_10hz_db         =  6.69763e+01
acm_10hz_db         =  1.18662e+01
adm_100hz_db        =  6.69760e+01
acm_100hz_db        =  1.18659e+01
adm_1khz_db         =  6.69453e+01
acm_1khz_db         =  1.18352e+01
adm_10khz_db        =  6.46299e+01
acm_10khz_db        =  9.51977e+00
adm_100khz_db       =  4.83639e+01
acm_100khz_db       =  -6.74213e+00
adm_1mhz_db         =  2.84216e+01
acm_1mhz_db         =  -2.62882e+01
gbw_hz              =   2.40103e+07

ngspice-46 done
