
Note: No compatibility mode selected!


Circuit: * klt sim -- generated corner deck, do not edit

Doing analysis at TEMP = -40.000000 and TNOM = 27.000000

Using SPARSE 1.3 as Direct Linear Solver
Note: Starting dynamic gmin stepping
Warning: Dynamic gmin stepping failed
Note: Starting true gmin stepping
Note: True gmin stepping completed

No. of Data Rows : 181

  Measurements for AC Analysis

adm_1hz_db          =  6.33643e+01
acm_1hz_db          =  -7.86028e+00
adm_10hz_db         =  6.33643e+01
acm_10hz_db         =  -7.86028e+00
adm_100hz_db        =  6.33642e+01
acm_100hz_db        =  -7.86040e+00
adm_1khz_db         =  6.33521e+01
acm_1khz_db         =  -7.87244e+00
adm_10khz_db        =  6.22911e+01
acm_10khz_db        =  -8.93339e+00
adm_100khz_db       =  4.87356e+01
acm_100khz_db       =  -2.24833e+01
adm_1mhz_db         =  2.88846e+01
acm_1mhz_db         =  -4.17943e+01
gbw_hz              =   2.53935e+07

ngspice-46 done
