
Note: No compatibility mode selected!


Circuit: * klt sim -- generated corner deck, do not edit

Doing analysis at TEMP = 125.000000 and TNOM = 27.000000

Using SPARSE 1.3 as Direct Linear Solver
Note: Starting dynamic gmin stepping
Warning: Dynamic gmin stepping failed
Note: Starting true gmin stepping
Note: True gmin stepping completed

No. of Data Rows : 181

  Measurements for AC Analysis

adm_1hz_db          =  6.33323e+01
acm_1hz_db          =  -8.74802e+00
adm_10hz_db         =  6.33323e+01
acm_10hz_db         =  -8.74802e+00
adm_100hz_db        =  6.33321e+01
acm_100hz_db        =  -8.74822e+00
adm_1khz_db         =  6.33125e+01
acm_1khz_db         =  -8.76781e+00
adm_10khz_db        =  6.16980e+01
acm_10khz_db        =  -1.03822e+01
adm_100khz_db       =  4.66400e+01
acm_100khz_db       =  -2.54322e+01
adm_1mhz_db         =  2.67292e+01
acm_1mhz_db         =  -4.45880e+01
gbw_hz              =   1.92955e+07

ngspice-46 done
