
Note: No compatibility mode selected!


Circuit: * klt sim -- generated corner deck, do not edit

Doing analysis at TEMP = 27.000000 and TNOM = 27.000000

Using SPARSE 1.3 as Direct Linear Solver

Initial Transient Solution
--------------------------

Node                                   Voltage
----                                   -------
vdd                                        1.8
vss                                          0
ibias                                 0.659039
xdut.d1                                0.85243
xdut.d2                                1.79924
inn                                2.12722e-08
xdut.tail                             0.057072
inp                                       0.54
out                                2.12722e-08
xdut.cz                                1.79924
xdut.xrz.ra                            1.79924
xdut.xcc.a                         2.12722e-08
xdut.xcc.b1                        2.12722e-08
p                                            0
l20                                      0.684
l80                                      1.116
bl80#branch                                  0
bl20#branch                                  0
bin#branch                                   0
vp#branch                                    0
vss#branch                         1.20474e-05
vdd#branch                        -1.20474e-05


No. of Data Rows : 1126

  Measurements for Transient Analysis

t20_rise            =   2.72068e-07
t80_rise            =   2.93244e-07
t80_fall            =   1.21558e-06
t20_fall            =   1.25367e-06

ngspice-46 done
