
Note: No compatibility mode selected!


Circuit: * klt sim -- generated corner deck, do not edit

Doing analysis at TEMP = 27.000000 and TNOM = 27.000000

Using SPARSE 1.3 as Direct Linear Solver

Initial Transient Solution
--------------------------

Node                                   Voltage
----                                   -------
vdd                                       1.98
vss                                          0
ibias                                 0.605874
xdut.d1                                 1.0046
xdut.d2                                1.97688
inn                                2.45659e-08
xdut.tail                             0.090942
inp                                      0.594
out                                2.45659e-08
xdut.cz                                1.97688
xdut.xrz.ra                            1.97688
xdut.xcc.a                         2.45659e-08
xdut.xcc.b1                        2.45659e-08
p                                            0
l20                                     0.7524
l80                                     1.2276
bl80#branch                                  0
bl20#branch                                  0
bin#branch                                   0
vp#branch                                    0
vss#branch                         1.35848e-05
vdd#branch                        -1.35848e-05


No. of Data Rows : 1127

  Measurements for Transient Analysis

t20_rise            =   2.58650e-07
t80_rise            =   2.81035e-07
t80_fall            =   1.21691e-06
t20_fall            =   1.26368e-06

ngspice-46 done
