$ ngspice -b tb.spice

--- stdout ---

Note: Compatibility modes selected: hs a


Circuit: * opamp_core unity-gain-buffer slew-rate testbench (issue #17)

option SCALE: Scale is set to 1e-06 for instance and model parameters
option SCALE: Scale is set to 1e-06 for instance and model parameters
Doing analysis at TEMP = -40.000000 and TNOM = 27.000000

Using SPARSE 1.3 as Direct Linear Solver

Initial Transient Solution
--------------------------

Node                                   Voltage
----                                   -------
d1                                    0.751653
vdd                                       1.62
d2                                    0.353918
inn                                   0.481516
tail                               2.17452e-05
vss                                          0
inp                                      0.486
ibias                                 0.736068
out                                   0.481516
cz                                    0.353918
xrz.ra                                0.353918
xcc.a                                 0.481516
xcc.b1                                0.481516
vinp#branch                                  0
vss#branch                         5.36436e-05
vdd#branch                        -5.36436e-05

 Reference value :  0.00000e+00
No. of Data Rows : 1123
sr_rise_s           =  2.25311e-08 targ=  2.33795e-07 trig=  2.11264e-07
sr_fall_s           =  2.24666e-07 targ=  1.43922e-06 trig=  1.21456e-06
Note: Simulation executed from .control section 

--- stderr ---
Warning: m=xx on .subckt line will override multiplier m hierarchy!


