$ ngspice -b tb.spice

--- stdout ---

Note: Compatibility modes selected: hs a


Circuit: * opamp_core unity-gain-buffer slew-rate testbench (issue #17)

option SCALE: Scale is set to 1e-06 for instance and model parameters
option SCALE: Scale is set to 1e-06 for instance and model parameters
Doing analysis at TEMP = 125.000000 and TNOM = 27.000000

Using SPARSE 1.3 as Direct Linear Solver

Initial Transient Solution
--------------------------

Node                                   Voltage
----                                   -------
d1                                    0.932553
vdd                                        1.8
d2                                    0.757162
inn                                   0.537997
tail                                 0.0123211
vss                                          0
inp                                       0.54
ibias                                 0.596647
out                                   0.537997
cz                                    0.757162
xrz.ra                                0.757162
xcc.a                                 0.537997
xcc.b1                                0.537997
vinp#branch                                  0
vss#branch                         5.61643e-05
vdd#branch                        -5.61643e-05

 Reference value :  0.00000e+00
No. of Data Rows : 1124
sr_rise_s           =  2.30714e-08 targ=  2.35056e-07 trig=  2.11984e-07
sr_fall_s           =  2.91953e-08 targ=  1.24595e-06 trig=  1.21676e-06
Note: Simulation executed from .control section 

--- stderr ---
Warning: m=xx on .subckt line will override multiplier m hierarchy!

Note: Starting dynamic gmin stepping
Note: Dynamic gmin stepping completed

