$ ngspice -b tb.spice

--- stdout ---

Note: Compatibility modes selected: hs a


Circuit: * opamp_core unity-gain-buffer slew-rate testbench (issue #17)

option SCALE: Scale is set to 1e-06 for instance and model parameters
option SCALE: Scale is set to 1e-06 for instance and model parameters
Doing analysis at TEMP = 27.000000 and TNOM = 27.000000

Using SPARSE 1.3 as Direct Linear Solver

Initial Transient Solution
--------------------------

Node                                   Voltage
----                                   -------
d1                                    0.920985
vdd                                        1.8
d2                                    0.670359
inn                                   0.537082
tail                                0.00157365
vss                                          0
inp                                       0.54
ibias                                 0.676675
out                                   0.537082
cz                                    0.670359
xrz.ra                                0.670359
xcc.a                                 0.537082
xcc.b1                                0.537082
vinp#branch                                  0
vss#branch                         5.45513e-05
vdd#branch                        -5.45513e-05

 Reference value :  0.00000e+00
No. of Data Rows : 1124
sr_rise_s           =  2.28133e-08 targ=  2.33994e-07 trig=  2.11181e-07
sr_fall_s           =  3.17821e-08 targ=  1.24754e-06 trig=  1.21576e-06
Note: Simulation executed from .control section 

--- stderr ---
Warning: m=xx on .subckt line will override multiplier m hierarchy!

Note: Starting dynamic gmin stepping
Note: Dynamic gmin stepping completed

