$ ngspice -b tb.spice

--- stdout ---

Note: Compatibility modes selected: hs a


Circuit: * opamp_core unity-gain-buffer slew-rate testbench (issue #17)

option SCALE: Scale is set to 1e-06 for instance and model parameters
option SCALE: Scale is set to 1e-06 for instance and model parameters
Doing analysis at TEMP = -40.000000 and TNOM = 27.000000

Using SPARSE 1.3 as Direct Linear Solver

Initial Transient Solution
--------------------------

Node                                   Voltage
----                                   -------
d1                                    0.759866
vdd                                        1.8
d2                                    0.523158
inn                                    0.53715
tail                               0.000748013
vss                                          0
inp                                       0.54
ibias                                 0.680066
out                                    0.53715
cz                                    0.523158
xrz.ra                                0.523158
xcc.a                                  0.53715
xcc.b1                                 0.53715
vinp#branch                                  0
vss#branch                         5.43388e-05
vdd#branch                        -5.43388e-05

 Reference value :  0.00000e+00
No. of Data Rows : 1124
sr_rise_s           =  2.29416e-08 targ=  2.33946e-07 trig=  2.11004e-07
sr_fall_s           =  3.01776e-08 targ=  1.24508e-06 trig=  1.21490e-06
Note: Simulation executed from .control section 

--- stderr ---
Warning: m=xx on .subckt line will override multiplier m hierarchy!


