$ ngspice -b tb.spice

--- stdout ---

Note: Compatibility modes selected: hs a


Circuit: * opamp_core unity-gain-buffer slew-rate testbench (issue #17)

option SCALE: Scale is set to 1e-06 for instance and model parameters
option SCALE: Scale is set to 1e-06 for instance and model parameters
Doing analysis at TEMP = -40.000000 and TNOM = 27.000000

Using SPARSE 1.3 as Direct Linear Solver

Initial Transient Solution
--------------------------

Node                                   Voltage
----                                   -------
d1                                    0.957683
vdd                                        1.8
d2                                    0.623118
inn                                   0.536221
tail                               9.36119e-05
vss                                          0
inp                                       0.54
ibias                                 0.745072
out                                   0.536221
cz                                    0.623118
xrz.ra                                0.623118
xcc.a                                 0.536221
xcc.b1                                0.536221
vinp#branch                                  0
vss#branch                           5.393e-05
vdd#branch                          -5.393e-05

 Reference value :  0.00000e+00
No. of Data Rows : 1124
sr_rise_s           =  2.28631e-08 targ=  2.33612e-07 trig=  2.10749e-07
sr_fall_s           =  6.61934e-08 targ=  1.28118e-06 trig=  1.21498e-06
Note: Simulation executed from .control section 

--- stderr ---
Warning: m=xx on .subckt line will override multiplier m hierarchy!

Note: Starting dynamic gmin stepping
Note: Dynamic gmin stepping completed

