$ ngspice -b tb.spice

--- stdout ---

Note: Compatibility modes selected: hs a


Circuit: * opamp_core unity-gain-buffer slew-rate testbench (issue #17)

option SCALE: Scale is set to 1e-06 for instance and model parameters
option SCALE: Scale is set to 1e-06 for instance and model parameters
Doing analysis at TEMP = -40.000000 and TNOM = 27.000000

Using SPARSE 1.3 as Direct Linear Solver

Initial Transient Solution
--------------------------

Node                                   Voltage
----                                   -------
d1                                    0.967429
vdd                                       1.98
d2                                    0.790726
inn                                   0.591912
tail                                0.00228482
vss                                          0
inp                                      0.594
ibias                                  0.68909
out                                   0.591912
cz                                    0.790726
xrz.ra                                0.790726
xcc.a                                 0.591912
xcc.b1                                0.591912
vinp#branch                                  0
vss#branch                         5.48783e-05
vdd#branch                        -5.48783e-05

 Reference value :  0.00000e+00
No. of Data Rows : 1124
sr_rise_s           =  2.41316e-08 targ=  2.34939e-07 trig=  2.10807e-07
sr_fall_s           =  3.02935e-08 targ=  1.24576e-06 trig=  1.21547e-06
Note: Simulation executed from .control section 

--- stderr ---
Warning: m=xx on .subckt line will override multiplier m hierarchy!


