$ ngspice -b tb.spice

--- stdout ---

Note: Compatibility modes selected: hs a


Circuit: * opamp_core unity-gain-buffer slew-rate testbench (issue #17)

option SCALE: Scale is set to 1e-06 for instance and model parameters
option SCALE: Scale is set to 1e-06 for instance and model parameters
Doing analysis at TEMP = 125.000000 and TNOM = 27.000000

Using SPARSE 1.3 as Direct Linear Solver

Initial Transient Solution
--------------------------

Node                                   Voltage
----                                   -------
d1                                    0.899556
vdd                                       1.62
d2                                    0.593802
inn                                   0.482104
tail                                0.00179382
vss                                          0
inp                                      0.486
ibias                                 0.658833
out                                   0.482104
cz                                    0.593802
xrz.ra                                0.593802
xcc.a                                 0.482104
xcc.b1                                0.482104
vinp#branch                                  0
vss#branch                         5.44072e-05
vdd#branch                        -5.44072e-05

 Reference value :  0.00000e+00
No. of Data Rows : 1124
sr_rise_s           =  2.30318e-08 targ=  2.35155e-07 trig=  2.12123e-07
sr_fall_s           =  4.30591e-08 targ=  1.25956e-06 trig=  1.21650e-06
Note: Simulation executed from .control section 

--- stderr ---
Warning: m=xx on .subckt line will override multiplier m hierarchy!

Note: Starting dynamic gmin stepping
Note: Dynamic gmin stepping completed

