$ ngspice -b tb.spice

--- stdout ---

Note: Compatibility modes selected: hs a


Circuit: * opamp_core unity-gain-buffer slew-rate testbench (issue #17)

option SCALE: Scale is set to 1e-06 for instance and model parameters
option SCALE: Scale is set to 1e-06 for instance and model parameters
Doing analysis at TEMP = 27.000000 and TNOM = 27.000000

Using SPARSE 1.3 as Direct Linear Solver

Initial Transient Solution
--------------------------

Node                                   Voltage
----                                   -------
d1                                    0.826008
vdd                                        1.8
d2                                     0.61626
inn                                   0.537638
tail                                0.00345319
vss                                          0
inp                                       0.54
ibias                                 0.643013
out                                   0.537638
cz                                     0.61626
xrz.ra                                 0.61626
xcc.a                                 0.537638
xcc.b1                                0.537638
vinp#branch                                  0
vss#branch                         5.49845e-05
vdd#branch                        -5.49845e-05

 Reference value :  0.00000e+00
No. of Data Rows : 1124
sr_rise_s           =  2.28967e-08 targ=  2.34324e-07 trig=  2.11427e-07
sr_fall_s           =  2.92816e-08 targ=  1.24514e-06 trig=  1.21586e-06
Note: Simulation executed from .control section 

--- stderr ---
Warning: m=xx on .subckt line will override multiplier m hierarchy!

Note: Starting dynamic gmin stepping
Note: Dynamic gmin stepping completed

