
Note: No compatibility mode selected!


Circuit: * klt sim -- generated corner deck, do not edit

Doing analysis at TEMP = -40.000000 and TNOM = 27.000000

Using SPARSE 1.3 as Direct Linear Solver

Initial Transient Solution
--------------------------

Node                                   Voltage
----                                   -------
vdd                                       1.62
vss                                          0
ibias                                 0.690862
xdut.d1                               0.484584
xdut.d2                               0.467214
inn                                   0.789669
xdut.tail                            0.0727491
inp                                       0.79
out                                   0.789669
xdut.cz                               0.467214
xdut.xrz.ra                           0.467214
xdut.xcc.a                            0.789669
xdut.xcc.b1                           0.789669
mid                                       0.81
ofs                               -0.000331394
gtrk_int1                                    0
lo                                    0.789269
hi                                    0.790069
bhi#branch                                   0
blo#branch                                   0
bgtrk#branch                                 0
bmid#branch                                  0
vinp#branch                                  0
vss#branch                         6.37755e-05
vdd#branch                        -6.37755e-05


No. of Data Rows : 4014

  Measurements for Transient Analysis

v_init              =  7.89669e-01
v_ofs               =  -3.31394e-04
v_final             =  8.29724e-01
v_peak              =  8.31203e-01 at=  2.20050e-07
t_lo_cross          =   2.14741e-07
t_hi_cross          =   2.31651e-07

ngspice-46 done
