
Note: No compatibility mode selected!


Circuit: * klt sim -- generated corner deck, do not edit

Doing analysis at TEMP = 125.000000 and TNOM = 27.000000

Using SPARSE 1.3 as Direct Linear Solver
Note: Starting dynamic gmin stepping
Note: Dynamic gmin stepping completed

Initial Transient Solution
--------------------------

Node                                   Voltage
----                                   -------
vdd                                       1.62
vss                                          0
ibias                                 0.597776
xdut.d1                               0.939005
xdut.d2                               0.779883
inn                                   0.482299
xdut.tail                           0.00694634
inp                                      0.486
out                                   0.482299
xdut.na                               0.595546
xdut.nx                             0.00806232
xdut.cz                               0.779883
xdut.xrz.ra                           0.779883
xdut.xcc.a                            0.482299
xdut.xcc.b1                           0.482299
p                                            0
l20                                     0.6156
l80                                     1.0044
bl80#branch                                  0
bl20#branch                                  0
bin#branch                                   0
vp#branch                                    0
vss#branch                         6.08807e-05
vdd#branch                        -6.08807e-05


No. of Data Rows : 1124

  Measurements for Transient Analysis

t20_rise            =   2.08565e-07
t80_rise            =   2.27873e-07
t80_fall            =   1.21495e-06
t20_fall            =   1.23811e-06

ngspice-46 done
