
Note: No compatibility mode selected!


Circuit: * klt sim -- generated corner deck, do not edit

Doing analysis at TEMP = 27.000000 and TNOM = 27.000000

Using SPARSE 1.3 as Direct Linear Solver
Note: Starting dynamic gmin stepping
Warning: Dynamic gmin stepping failed
Note: Starting true gmin stepping
Note: True gmin stepping completed

No. of Data Rows : 181

  Measurements for AC Analysis

adm_1hz_db          =  6.28227e+01
acm_1hz_db          =  -7.91623e+00
adm_10hz_db         =  6.28227e+01
acm_10hz_db         =  -7.91623e+00
adm_100hz_db        =  6.28225e+01
acm_100hz_db        =  -7.91637e+00
adm_1khz_db         =  6.28086e+01
acm_1khz_db         =  -7.93026e+00
adm_10khz_db        =  6.16049e+01
acm_10khz_db        =  -9.13398e+00
adm_100khz_db       =  4.75894e+01
acm_100khz_db       =  -2.31428e+01
adm_1mhz_db         =  2.77177e+01
acm_1mhz_db         =  -4.23837e+01
gbw_hz              =   2.19499e+07

ngspice-46 done
