
Note: No compatibility mode selected!


Circuit: * klt sim -- generated corner deck, do not edit

Doing analysis at TEMP = -40.000000 and TNOM = 27.000000

Using SPARSE 1.3 as Direct Linear Solver

No. of Data Rows : 181

  Measurements for AC Analysis

adm_1hz_db          =  6.63477e+01
acm_1hz_db          =  -4.92003e+00
adm_10hz_db         =  6.63477e+01
acm_10hz_db         =  -4.92003e+00
adm_100hz_db        =  6.63474e+01
acm_100hz_db        =  -4.92025e+00
adm_1khz_db         =  6.63249e+01
acm_1khz_db         =  -4.94275e+00
adm_10khz_db        =  6.45161e+01
acm_10khz_db        =  -6.75151e+00
adm_100khz_db       =  4.90674e+01
acm_100khz_db       =  -2.21934e+01
adm_1mhz_db         =  2.91468e+01
acm_1mhz_db         =  -4.14627e+01
gbw_hz              =   2.59587e+07

ngspice-46 done
