
Note: No compatibility mode selected!


Circuit: * klt sim -- generated corner deck, do not edit

Doing analysis at TEMP = 27.000000 and TNOM = 27.000000

Using SPARSE 1.3 as Direct Linear Solver
Note: Starting dynamic gmin stepping
Warning: Dynamic gmin stepping failed
Note: Starting true gmin stepping
Note: True gmin stepping completed

No. of Data Rows : 181

  Measurements for AC Analysis

adm_1hz_db          =  6.58153e+01
acm_1hz_db          =  -5.33471e+00
adm_10hz_db         =  6.58153e+01
acm_10hz_db         =  -5.33471e+00
adm_100hz_db        =  6.58151e+01
acm_100hz_db        =  -5.33497e+00
adm_1khz_db         =  6.57892e+01
acm_1khz_db         =  -5.36080e+00
adm_10khz_db        =  6.37670e+01
acm_10khz_db        =  -7.38302e+00
adm_100khz_db       =  4.79432e+01
acm_100khz_db       =  -2.31989e+01
adm_1mhz_db         =  2.80113e+01
acm_1mhz_db         =  -4.23879e+01
gbw_hz              =   2.25140e+07

ngspice-46 done
