
Note: No compatibility mode selected!


Circuit: * klt sim -- generated corner deck, do not edit

Doing analysis at TEMP = 125.000000 and TNOM = 27.000000

Using SPARSE 1.3 as Direct Linear Solver
Note: Starting dynamic gmin stepping
Note: Dynamic gmin stepping completed

Initial Transient Solution
--------------------------

Node                                   Voltage
----                                   -------
vdd                                        1.8
vss                                          0
ibias                                 0.606345
xdut.d1                                1.08026
xdut.d2                               0.957212
inn                                   0.538669
xdut.tail                            0.0140876
inp                                       0.54
out                                   0.538669
xdut.cz                               0.957212
xdut.xrz.ra                           0.957212
xdut.xcc.a                            0.538669
xdut.xcc.b1                           0.538669
p                                            0
l20                                      0.684
l80                                      1.116
bl80#branch                                  0
bl20#branch                                  0
bin#branch                                   0
vp#branch                                    0
vss#branch                         5.66594e-05
vdd#branch                        -5.66594e-05


No. of Data Rows : 1124

  Measurements for Transient Analysis

t20_rise            =   2.09724e-07
t80_rise            =   2.30971e-07
t80_fall            =   1.21676e-06
t20_fall            =   1.24698e-06

ngspice-46 done
