$ ngspice -b tb.spice

--- stdout ---

Note: No compatibility mode selected!


Circuit: * opamp_core unity-gain-buffer slew-rate testbench (issue #17)

Doing analysis at TEMP = 27.000000 and TNOM = 27.000000

Using SPARSE 1.3 as Direct Linear Solver

Initial Transient Solution
--------------------------

Node                                   Voltage
----                                   -------
d1                                    0.964675
vdd                                        1.8
d2                                    0.824799
inn                                   0.537062
tail                                0.00547625
vss                                          0
inp                                       0.54
ibias                                 0.628094
out                                   0.537062
cz                                    0.824799
xrz.ra                                0.824799
xcc.a                                 0.537062
xcc.b1                                0.537062
vinp#branch                                  0
vss#branch                         5.55204e-05
vdd#branch                        -5.55204e-05

 Reference value :  0.00000e+00
No. of Data Rows : 1124
sr_rise_s           =  2.09851e-08 targ=  2.29173e-07 trig=  2.08188e-07
sr_fall_s           =  2.95001e-08 targ=  1.24391e-06 trig=  1.21441e-06
Note: Simulation executed from .control section 

--- stderr ---
Note: Starting dynamic gmin stepping
Note: Dynamic gmin stepping completed

