$ ngspice -b tb.spice

--- stdout ---

Note: No compatibility mode selected!


Circuit: * opamp_core open-loop ac testbench -- dc gain, gbw, phase margin, iq (issue #17)

Doing analysis at TEMP = 27.000000 and TNOM = 27.000000

 Reference value :  0.00000e+00
No. of Data Rows : 1
iq_a = 6.609533e-05
pq_w = 1.308687e-04
Doing analysis at TEMP = 27.000000 and TNOM = 27.000000


No. of Data Rows : 181
gain_dc_db          =  6.746334e+01
gbw_hz              =  2.212058e+07
phase_at_gbw_rad    =  -2.013816e+00
Note: Simulation executed from .control section 

--- stderr ---
Using SPARSE 1.3 as Direct Linear Solver
Note: Starting dynamic gmin stepping
Warning: Dynamic gmin stepping failed
Note: Starting true gmin stepping
Note: True gmin stepping completed
Using SPARSE 1.3 as Direct Linear Solver
Note: Starting dynamic gmin stepping
Warning: Dynamic gmin stepping failed
Note: Starting true gmin stepping
Note: True gmin stepping completed

