
Note: No compatibility mode selected!


Circuit: * klt sim -- generated corner deck, do not edit

Doing analysis at TEMP = -40.000000 and TNOM = 27.000000

Using SPARSE 1.3 as Direct Linear Solver
Note: Starting dynamic gmin stepping
Note: Dynamic gmin stepping completed

Initial Transient Solution
--------------------------

Node                                   Voltage
----                                   -------
vdd                                        1.8
vss                                          0
ibias                                 0.699358
xdut.d1                               0.988041
xdut.d2                               0.754979
inn                                   0.534779
xdut.tail                          0.000447748
inp                                       0.54
out                                   0.534779
xdut.na                                0.69577
xdut.nx                            0.000667913
xdut.cz                               0.754979
xdut.xrz.ra                           0.754979
xdut.xcc.a                            0.534779
xdut.xcc.b1                           0.534779
p                                            0
l20                                      0.684
l80                                      1.116
bl80#branch                                  0
bl20#branch                                  0
bin#branch                                   0
vp#branch                                    0
vss#branch                         5.88591e-05
vdd#branch                        -5.88591e-05


No. of Data Rows : 1124

  Measurements for Transient Analysis

t20_rise            =   2.07987e-07
t80_rise            =   2.29405e-07
t80_fall            =   1.21418e-06
t20_fall            =   1.24231e-06

ngspice-46 done
