
Note: No compatibility mode selected!


Circuit: * klt sim -- generated corner deck, do not edit

Doing analysis at TEMP = 125.000000 and TNOM = 27.000000

Using SPARSE 1.3 as Direct Linear Solver

Initial Transient Solution
--------------------------

Node                                   Voltage
----                                   -------
vdd                                        1.8
vss                                          0
ibias                                 0.541807
xdut.d1                               0.911414
xdut.d2                                  1.786
inn                                5.26487e-07
xdut.tail                            0.0727113
inp                                       0.54
out                                5.26487e-07
xdut.cz                                  1.786
xdut.xrz.ra                              1.786
xdut.xcc.a                         5.26487e-07
xdut.xcc.b1                        5.26487e-07
p                                            0
l20                                      0.684
l80                                      1.116
bl80#branch                                  0
bl20#branch                                  0
bin#branch                                   0
vp#branch                                    0
vss#branch                         1.24414e-05
vdd#branch                        -1.24414e-05


No. of Data Rows : 1126

  Measurements for Transient Analysis

t20_rise            =   2.65632e-07
t80_rise            =   2.85824e-07
t80_fall            =   1.21580e-06
t20_fall            =   1.25081e-06

ngspice-46 done
