
Note: No compatibility mode selected!


Circuit: * klt sim -- generated corner deck, do not edit

Doing analysis at TEMP = 125.000000 and TNOM = 27.000000

Using SPARSE 1.3 as Direct Linear Solver

Initial Transient Solution
--------------------------

Node                                   Voltage
----                                   -------
vdd                                        1.8
vss                                          0
ibias                                 0.606356
xdut.d1                                1.01599
xdut.d2                                1.79874
inn                                2.47233e-06
xdut.tail                             0.115086
inp                                       0.54
out                                2.47233e-06
xdut.cz                                1.79874
xdut.xrz.ra                            1.79874
xdut.xcc.a                         2.47233e-06
xdut.xcc.b1                        2.47233e-06
p                                            0
l20                                      0.684
l80                                      1.116
bl80#branch                                  0
bl20#branch                                  0
bin#branch                                   0
vp#branch                                    0
vss#branch                         1.37702e-05
vdd#branch                        -1.37702e-05


No. of Data Rows : 1126

  Measurements for Transient Analysis

t20_rise            =   2.48396e-07
t80_rise            =   2.67914e-07
t80_fall            =   1.21888e-06
t20_fall            =   1.26988e-06

ngspice-46 done
