
Note: No compatibility mode selected!


Circuit: * klt sim -- generated corner deck, do not edit

Doing analysis at TEMP = 125.000000 and TNOM = 27.000000

Using SPARSE 1.3 as Direct Linear Solver
Note: Starting dynamic gmin stepping
Note: Dynamic gmin stepping completed

Initial Transient Solution
--------------------------

Node                                   Voltage
----                                   -------
vdd                                        1.8
vss                                          0
ibias                                 0.573802
xdut.d1                                1.00559
xdut.d2                                1.00216
inn                                   0.879925
xdut.tail                              0.23668
inp                                       0.88
out                                   0.879925
xdut.cz                                1.00216
xdut.xrz.ra                            1.00216
xdut.xcc.a                            0.879925
xdut.xcc.b1                           0.879925
mid                                        0.9
ofs                               -7.53201e-05
gtrk_int1                                    0
lo                                    0.879525
hi                                    0.880325
bhi#branch                                   0
blo#branch                                   0
bgtrk#branch                                 0
bmid#branch                                  0
vinp#branch                                  0
vss#branch                         6.58538e-05
vdd#branch                        -6.58538e-05


No. of Data Rows : 4014

  Measurements for Transient Analysis

v_init              =  8.79925e-01
v_ofs               =  -7.53201e-05
v_final             =  9.19914e-01
v_peak              =  9.21781e-01 at=  2.25050e-07
t_lo_cross          =   2.18145e-07
t_hi_cross          =   2.38565e-07

ngspice-46 done
