
Note: No compatibility mode selected!


Circuit: * klt sim -- generated corner deck, do not edit

Doing analysis at TEMP = -40.000000 and TNOM = 27.000000

Using SPARSE 1.3 as Direct Linear Solver
Note: Starting dynamic gmin stepping
Note: Dynamic gmin stepping completed

Initial Transient Solution
--------------------------

Node                                   Voltage
----                                   -------
vdd                                       1.98
vss                                          0
ibias                                 0.648243
xdut.d1                                1.01086
xdut.d2                               0.922255
inn                                   0.592062
xdut.tail                           0.00729246
inp                                      0.594
out                                   0.592062
xdut.na                               0.647137
xdut.nx                              0.0104184
xdut.cz                               0.922255
xdut.xrz.ra                           0.922255
xdut.xcc.a                            0.592062
xdut.xcc.b1                           0.592062
p                                            0
l20                                     0.7524
l80                                     1.2276
bl80#branch                                  0
bl20#branch                                  0
bin#branch                                   0
vp#branch                                    0
vss#branch                         6.21827e-05
vdd#branch                        -6.21827e-05


No. of Data Rows : 1125

  Measurements for Transient Analysis

t20_rise            =   2.08096e-07
t80_rise            =   2.30967e-07
t80_fall            =   1.21473e-06
t20_fall            =   1.23968e-06

ngspice-46 done
