
Note: No compatibility mode selected!


Circuit: * klt sim -- generated corner deck, do not edit

Doing analysis at TEMP = 125.000000 and TNOM = 27.000000

Using SPARSE 1.3 as Direct Linear Solver
Note: Starting dynamic gmin stepping
Warning: Dynamic gmin stepping failed
Note: Starting true gmin stepping
Note: True gmin stepping completed

No. of Data Rows : 181

  Measurements for AC Analysis

adm_1hz_db          =  6.44937e+01
acm_1hz_db          =  -8.00752e+00
adm_10hz_db         =  6.44937e+01
acm_10hz_db         =  -8.00752e+00
adm_100hz_db        =  6.44934e+01
acm_100hz_db        =  -8.00779e+00
adm_1khz_db         =  6.44666e+01
acm_1khz_db         =  -8.03460e+00
adm_10khz_db        =  6.23841e+01
acm_10khz_db        =  -1.01171e+01
adm_100khz_db       =  4.64631e+01
acm_100khz_db       =  -2.60286e+01
adm_1mhz_db         =  2.65275e+01
acm_1mhz_db         =  -4.50864e+01
gbw_hz              =   1.89098e+07

ngspice-46 done
