
Note: No compatibility mode selected!


Circuit: * klt sim -- generated corner deck, do not edit

Doing analysis at TEMP = 27.000000 and TNOM = 27.000000

Using SPARSE 1.3 as Direct Linear Solver
Note: Starting dynamic gmin stepping
Note: Dynamic gmin stepping completed

Initial Transient Solution
--------------------------

Node                                   Voltage
----                                   -------
vdd                                       1.98
vss                                          0
ibias                                 0.605874
xdut.d1                                1.10905
xdut.d2                                 1.0502
inn                                   0.592722
xdut.tail                            0.0214355
inp                                      0.594
out                                   0.592722
xdut.na                               0.605615
xdut.nx                              0.0288443
xdut.cz                                 1.0502
xdut.xrz.ra                             1.0502
xdut.xcc.a                            0.592722
xdut.xcc.b1                           0.592722
p                                            0
l20                                     0.7524
l80                                     1.2276
bl80#branch                                  0
bl20#branch                                  0
bin#branch                                   0
vp#branch                                    0
vss#branch                         6.56958e-05
vdd#branch                        -6.56958e-05


No. of Data Rows : 1124

  Measurements for Transient Analysis

t20_rise            =   2.08595e-07
t80_rise            =   2.31399e-07
t80_fall            =   1.21568e-06
t20_fall            =   1.23903e-06

ngspice-46 done
