
Note: No compatibility mode selected!


Circuit: * klt sim -- generated corner deck, do not edit

Doing analysis at TEMP = -40.000000 and TNOM = 27.000000

Using SPARSE 1.3 as Direct Linear Solver
Note: Starting dynamic gmin stepping
Note: Dynamic gmin stepping completed

Initial Transient Solution
--------------------------

Node                                   Voltage
----                                   -------
vdd                                        1.8
vss                                          0
ibias                                 0.699358
xdut.d1                               0.755074
xdut.d2                               0.745617
inn                                   0.879773
xdut.tail                             0.135549
inp                                       0.88
out                                   0.879773
xdut.cz                               0.745617
xdut.xrz.ra                           0.745617
xdut.xcc.a                            0.879773
xdut.xcc.b1                           0.879773
mid                                        0.9
ofs                                -0.00022749
gtrk_int1                                    0
lo                                    0.879373
hi                                    0.880173
bhi#branch                                   0
blo#branch                                   0
bgtrk#branch                                 0
bmid#branch                                  0
vinp#branch                                  0
vss#branch                         6.50471e-05
vdd#branch                        -6.50471e-05


No. of Data Rows : 4014

  Measurements for Transient Analysis

v_init              =  8.79773e-01
v_ofs               =  -2.27490e-04
v_final             =  9.19765e-01
v_peak              =  9.20645e-01 at=  2.21050e-07
t_lo_cross          =   2.15139e-07
t_hi_cross          =   2.28043e-07

ngspice-46 done
