
Note: No compatibility mode selected!


Circuit: * klt sim -- generated corner deck, do not edit

Doing analysis at TEMP = -40.000000 and TNOM = 27.000000

Using SPARSE 1.3 as Direct Linear Solver

No. of Data Rows : 181

  Measurements for AC Analysis

adm_1hz_db          =  6.55688e+01
acm_1hz_db          =  -1.16216e+01
adm_10hz_db         =  6.55688e+01
acm_10hz_db         =  -1.16216e+01
adm_100hz_db        =  6.55686e+01
acm_100hz_db        =  -1.16218e+01
adm_1khz_db         =  6.55488e+01
acm_1khz_db         =  -1.16416e+01
adm_10khz_db        =  6.39226e+01
acm_10khz_db        =  -1.32679e+01
adm_100khz_db       =  4.88395e+01
acm_100khz_db       =  -2.83596e+01
adm_1mhz_db         =  2.89297e+01
acm_1mhz_db         =  -4.91641e+01
gbw_hz              =   2.50899e+07

ngspice-46 done
