
Note: No compatibility mode selected!


Circuit: * klt sim -- generated corner deck, do not edit

Doing analysis at TEMP = 27.000000 and TNOM = 27.000000

Using SPARSE 1.3 as Direct Linear Solver
Note: Starting dynamic gmin stepping
Note: Dynamic gmin stepping completed

Initial Transient Solution
--------------------------

Node                                   Voltage
----                                   -------
vdd                                        1.8
vss                                          0
ibias                                 0.628085
xdut.d1                               0.826209
xdut.d2                                0.71328
inn                                   0.539309
xdut.tail                           0.00869505
inp                                       0.54
out                                   0.539309
xdut.cz                                0.71328
xdut.xrz.ra                            0.71328
xdut.xcc.a                            0.539309
xdut.xcc.b1                           0.539309
p                                            0
l20                                      0.684
l80                                      1.116
bl80#branch                                  0
bl20#branch                                  0
bin#branch                                   0
vp#branch                                    0
vss#branch                         5.60852e-05
vdd#branch                        -5.60852e-05


No. of Data Rows : 1127

  Measurements for Transient Analysis

t20_rise            =   2.13788e-07
t80_rise            =   2.37322e-07
t80_fall            =   1.22116e-06
t20_fall            =   1.25344e-06

ngspice-46 done
