
Note: No compatibility mode selected!


Circuit: * klt sim -- generated corner deck, do not edit

Doing analysis at TEMP = -40.000000 and TNOM = 27.000000

Using SPARSE 1.3 as Direct Linear Solver

Initial Transient Solution
--------------------------

Node                                   Voltage
----                                   -------
vdd                                       1.98
vss                                          0
ibias                                 0.648243
xdut.d1                               0.885397
xdut.d2                                1.97921
inn                                2.04263e-08
xdut.tail                            0.0763021
inp                                      0.594
out                                2.04263e-08
xdut.cz                                1.97921
xdut.xrz.ra                            1.97921
xdut.xcc.a                         2.04263e-08
xdut.xcc.b1                        2.04263e-08
p                                            0
l20                                     0.7524
l80                                     1.2276
bl80#branch                                  0
bl20#branch                                  0
bin#branch                                   0
vp#branch                                    0
vss#branch                         1.33835e-05
vdd#branch                        -1.33835e-05


No. of Data Rows : 1128

  Measurements for Transient Analysis

t20_rise            =   2.67823e-07
t80_rise            =   2.90632e-07
t80_fall            =   1.21587e-06
t20_fall            =   1.26341e-06

ngspice-46 done
