
Note: No compatibility mode selected!


Circuit: * klt sim -- generated corner deck, do not edit

Doing analysis at TEMP = -40.000000 and TNOM = 27.000000

Using SPARSE 1.3 as Direct Linear Solver

No. of Data Rows : 181

  Measurements for AC Analysis

adm_1hz_db          =  6.82454e+01
acm_1hz_db          =  -6.97874e+00
adm_10hz_db         =  6.82454e+01
acm_10hz_db         =  -6.97874e+00
adm_100hz_db        =  6.82450e+01
acm_100hz_db        =  -6.97907e+00
adm_1khz_db         =  6.82126e+01
acm_1khz_db         =  -7.01152e+00
adm_10khz_db        =  6.57958e+01
acm_10khz_db        =  -9.42822e+00
adm_100khz_db       =  4.93932e+01
acm_100khz_db       =  -2.58220e+01
adm_1mhz_db         =  2.94475e+01
acm_1mhz_db         =  -4.49335e+01
gbw_hz              =   2.64736e+07

ngspice-46 done
