
Note: No compatibility mode selected!


Circuit: * klt sim -- generated corner deck, do not edit

Doing analysis at TEMP = -40.000000 and TNOM = 27.000000

Using SPARSE 1.3 as Direct Linear Solver

Initial Transient Solution
--------------------------

Node                                   Voltage
----                                   -------
vdd                                        1.8
vss                                          0
ibias                                 0.639755
xdut.d1                               0.690162
xdut.d2                                0.56783
inn                                   0.539222
xdut.tail                           0.00361601
inp                                       0.54
out                                   0.539222
xdut.cz                                0.56783
xdut.xrz.ra                            0.56783
xdut.xcc.a                            0.539222
xdut.xcc.b1                           0.539222
p                                            0
l20                                      0.684
l80                                      1.116
bl80#branch                                  0
bl20#branch                                  0
bin#branch                                   0
vp#branch                                    0
vss#branch                          5.5192e-05
vdd#branch                         -5.5192e-05


No. of Data Rows : 1126

  Measurements for Transient Analysis

t20_rise            =   2.14465e-07
t80_rise            =   2.38141e-07
t80_fall            =   1.22041e-06
t20_fall            =   1.25120e-06

ngspice-46 done
