
Note: No compatibility mode selected!


Circuit: * klt sim -- generated corner deck, do not edit

Doing analysis at TEMP = 27.000000 and TNOM = 27.000000

Using SPARSE 1.3 as Direct Linear Solver
Note: Starting dynamic gmin stepping
Warning: Dynamic gmin stepping failed
Note: Starting true gmin stepping
Note: True gmin stepping completed

No. of Data Rows : 181

  Measurements for AC Analysis

adm_1hz_db          =  6.45014e+01
acm_1hz_db          =  -8.79153e+00
adm_10hz_db         =  6.45014e+01
acm_10hz_db         =  -8.79154e+00
adm_100hz_db        =  6.45012e+01
acm_100hz_db        =  -8.79171e+00
adm_1khz_db         =  6.44834e+01
acm_1khz_db         =  -8.80958e+00
adm_10khz_db        =  6.29895e+01
acm_10khz_db        =  -1.03034e+01
adm_100khz_db       =  4.82031e+01
acm_100khz_db       =  -2.50833e+01
adm_1mhz_db         =  2.83026e+01
acm_1mhz_db         =  -4.43695e+01
gbw_hz              =   2.33129e+07

ngspice-46 done
