
Note: No compatibility mode selected!


Circuit: * klt sim -- generated corner deck, do not edit

Doing analysis at TEMP = 125.000000 and TNOM = 27.000000

Using SPARSE 1.3 as Direct Linear Solver
Note: Starting dynamic gmin stepping
Warning: Dynamic gmin stepping failed
Note: Starting true gmin stepping
Note: True gmin stepping completed

No. of Data Rows : 181

  Measurements for AC Analysis

adm_1hz_db          =  6.65538e+01
acm_1hz_db          =  -8.64056e+00
adm_10hz_db         =  6.65538e+01
acm_10hz_db         =  -8.64057e+00
adm_100hz_db        =  6.65534e+01
acm_100hz_db        =  -8.64097e+00
adm_1khz_db         =  6.65135e+01
acm_1khz_db         =  -8.68089e+00
adm_10khz_db        =  6.36916e+01
acm_10khz_db        =  -1.15027e+01
adm_100khz_db       =  4.68089e+01
acm_100khz_db       =  -2.83744e+01
adm_1mhz_db         =  2.68510e+01
acm_1mhz_db         =  -4.73113e+01
gbw_hz              =   1.95816e+07

ngspice-46 done
