
Note: No compatibility mode selected!


Circuit: * klt sim -- generated corner deck, do not edit

Doing analysis at TEMP = 27.000000 and TNOM = 27.000000

Using SPARSE 1.3 as Direct Linear Solver
Note: Starting dynamic gmin stepping
Note: Dynamic gmin stepping completed

Initial Transient Solution
--------------------------

Node                                   Voltage
----                                   -------
vdd                                       1.62
vss                                          0
ibias                                 0.650495
xdut.d1                               0.698738
xdut.d2                               0.500873
inn                                   0.484599
xdut.tail                           0.00181871
inp                                      0.486
out                                   0.484599
xdut.cz                               0.500873
xdut.xrz.ra                           0.500873
xdut.xcc.a                            0.484599
xdut.xcc.b1                           0.484599
p                                            0
l20                                     0.6156
l80                                     1.0044
bl80#branch                                  0
bl20#branch                                  0
bin#branch                                   0
vp#branch                                    0
vss#branch                         5.44787e-05
vdd#branch                        -5.44787e-05


No. of Data Rows : 1126

  Measurements for Transient Analysis

t20_rise            =   2.14542e-07
t80_rise            =   2.36436e-07
t80_fall            =   1.22091e-06
t20_fall            =   1.25129e-06

ngspice-46 done
