
Note: No compatibility mode selected!


Circuit: * klt sim -- generated corner deck, do not edit

Doing analysis at TEMP = 27.000000 and TNOM = 27.000000

Using SPARSE 1.3 as Direct Linear Solver
Note: Starting dynamic gmin stepping
Note: Dynamic gmin stepping completed

Initial Transient Solution
--------------------------

Node                                   Voltage
----                                   -------
vdd                                       1.98
vss                                          0
ibias                                 0.605865
xdut.d1                               0.973721
xdut.d2                               0.924699
inn                                   0.593736
xdut.tail                            0.0293524
inp                                      0.594
out                                   0.593736
xdut.cz                               0.924699
xdut.xrz.ra                           0.924699
xdut.xcc.a                            0.593736
xdut.xcc.b1                           0.593736
p                                            0
l20                                     0.7524
l80                                     1.2276
bl80#branch                                  0
bl20#branch                                  0
bin#branch                                   0
vp#branch                                    0
vss#branch                         5.95136e-05
vdd#branch                        -5.95136e-05


No. of Data Rows : 1126

  Measurements for Transient Analysis

t20_rise            =   2.14286e-07
t80_rise            =   2.39675e-07
t80_fall            =   1.22170e-06
t20_fall            =   1.25584e-06

ngspice-46 done
