
Note: No compatibility mode selected!


Circuit: * klt sim -- generated corner deck, do not edit

Doing analysis at TEMP = -40.000000 and TNOM = 27.000000

Using SPARSE 1.3 as Direct Linear Solver

Initial Transient Solution
--------------------------

Node                                   Voltage
----                                   -------
vdd                                        1.8
vss                                          0
ibias                                 0.699358
xdut.d1                               0.718555
xdut.d2                                1.79997
inn                                1.70635e-08
xdut.tail                             0.077407
inp                                       0.54
out                                1.70635e-08
xdut.cz                                1.79997
xdut.xrz.ra                            1.79997
xdut.xcc.a                         1.70635e-08
xdut.xcc.b1                        1.70635e-08
p                                            0
l20                                      0.684
l80                                      1.116
bl80#branch                                  0
bl20#branch                                  0
bin#branch                                   0
vp#branch                                    0
vss#branch                         1.33565e-05
vdd#branch                        -1.33565e-05


No. of Data Rows : 1126

  Measurements for Transient Analysis

t20_rise            =   2.69287e-07
t80_rise            =   2.90612e-07
t80_fall            =   1.21594e-06
t20_fall            =   1.26725e-06

ngspice-46 done
