
Note: No compatibility mode selected!


Circuit: * klt sim -- generated corner deck, do not edit

Doing analysis at TEMP = -40.000000 and TNOM = 27.000000

Using SPARSE 1.3 as Direct Linear Solver
Note: Starting dynamic gmin stepping
Note: Dynamic gmin stepping completed

Initial Transient Solution
--------------------------

Node                                   Voltage
----                                   -------
vdd                                       1.98
vss                                          0
ibias                                 0.648243
xdut.d1                               0.919046
xdut.d2                               0.912673
inn                                   0.969861
xdut.tail                             0.254757
inp                                       0.97
out                                   0.969861
xdut.cz                               0.912673
xdut.xrz.ra                           0.912673
xdut.xcc.a                            0.969861
xdut.xcc.b1                           0.969861
mid                                       0.99
ofs                               -0.000139304
gtrk_int1                                    0
lo                                    0.969461
hi                                    0.970261
bhi#branch                                   0
blo#branch                                   0
bgtrk#branch                                 0
bmid#branch                                  0
vinp#branch                                  0
vss#branch                         6.62794e-05
vdd#branch                        -6.62794e-05


No. of Data Rows : 4014

  Measurements for Transient Analysis

v_init              =  9.69861e-01
v_ofs               =  -1.39304e-04
v_final             =  1.00985e+00
v_peak              =  1.01079e+00 at=  2.19050e-07
t_lo_cross          =   2.14025e-07
t_hi_cross          =   2.26145e-07

ngspice-46 done
