
Note: No compatibility mode selected!


Circuit: * klt sim -- generated corner deck, do not edit

Doing analysis at TEMP = 125.000000 and TNOM = 27.000000

Using SPARSE 1.3 as Direct Linear Solver
Note: Starting dynamic gmin stepping
Note: Dynamic gmin stepping completed

Initial Transient Solution
--------------------------

Node                                   Voltage
----                                   -------
vdd                                        1.8
vss                                          0
ibias                                 0.541797
xdut.d1                               0.919497
xdut.d2                               0.867796
inn                                   0.539578
xdut.tail                            0.0401424
inp                                       0.54
out                                   0.539578
xdut.cz                               0.867796
xdut.xrz.ra                           0.867796
xdut.xcc.a                            0.539578
xdut.xcc.b1                           0.539578
p                                            0
l20                                      0.684
l80                                      1.116
bl80#branch                                  0
bl20#branch                                  0
bin#branch                                   0
vp#branch                                    0
vss#branch                         6.00147e-05
vdd#branch                        -6.00147e-05


No. of Data Rows : 1125

  Measurements for Transient Analysis

t20_rise            =   2.10453e-07
t80_rise            =   2.32529e-07
t80_fall            =   1.21684e-06
t20_fall            =   1.24591e-06

ngspice-46 done
