
Note: No compatibility mode selected!


Circuit: * klt sim -- generated corner deck, do not edit

Doing analysis at TEMP = -40.000000 and TNOM = 27.000000

Using SPARSE 1.3 as Direct Linear Solver

Initial Transient Solution
--------------------------

Node                                   Voltage
----                                   -------
vdd                                       1.62
vss                                          0
ibias                                 0.690854
xdut.d1                               0.652947
xdut.d2                               0.396483
inn                                   0.484228
xdut.tail                          0.000197925
inp                                      0.486
out                                   0.484228
xdut.cz                               0.396483
xdut.xrz.ra                           0.396483
xdut.xcc.a                            0.484228
xdut.xcc.b1                           0.484228
p                                            0
l20                                     0.6156
l80                                     1.0044
bl80#branch                                  0
bl20#branch                                  0
bin#branch                                   0
vp#branch                                    0
vss#branch                         5.38356e-05
vdd#branch                        -5.38356e-05


No. of Data Rows : 1125

  Measurements for Transient Analysis

t20_rise            =   2.15254e-07
t80_rise            =   2.37158e-07
t80_fall            =   1.21976e-06
t20_fall            =   1.24942e-06

ngspice-46 done
