
Note: No compatibility mode selected!


Circuit: * klt sim -- generated corner deck, do not edit

Doing analysis at TEMP = 125.000000 and TNOM = 27.000000

Using SPARSE 1.3 as Direct Linear Solver
Note: Starting dynamic gmin stepping
Warning: Dynamic gmin stepping failed
Note: Starting true gmin stepping
Note: True gmin stepping completed

No. of Data Rows : 181

  Measurements for AC Analysis

adm_1hz_db          =  6.32836e+01
acm_1hz_db          =  -9.56211e+00
adm_10hz_db         =  6.32836e+01
acm_10hz_db         =  -9.56211e+00
adm_100hz_db        =  6.32835e+01
acm_100hz_db        =  -9.56231e+00
adm_1khz_db         =  6.32642e+01
acm_1khz_db         =  -9.58152e+00
adm_10khz_db        =  6.16761e+01
acm_10khz_db        =  -1.11696e+01
adm_100khz_db       =  4.66754e+01
acm_100khz_db       =  -2.61621e+01
adm_1mhz_db         =  2.67665e+01
acm_1mhz_db         =  -4.53025e+01
gbw_hz              =   1.93695e+07

ngspice-46 done
