
Note: No compatibility mode selected!


Circuit: * klt sim -- generated corner deck, do not edit

Doing analysis at TEMP = 125.000000 and TNOM = 27.000000

Using SPARSE 1.3 as Direct Linear Solver
Note: Starting dynamic gmin stepping
Note: Dynamic gmin stepping completed

Initial Transient Solution
--------------------------

Node                                   Voltage
----                                   -------
vdd                                       1.98
vss                                          0
ibias                                 0.550233
xdut.d1                                1.22991
xdut.d2                                1.23067
inn                                   0.970018
xdut.tail                             0.333008
inp                                       0.97
out                                   0.970018
xdut.cz                                1.23067
xdut.xrz.ra                            1.23067
xdut.xcc.a                            0.970018
xdut.xcc.b1                           0.970018
mid                                       0.99
ofs                                1.78642e-05
gtrk_int1                                    0
lo                                    0.969618
hi                                    0.970418
bhi#branch                                   0
blo#branch                                   0
bgtrk#branch                                 0
bmid#branch                                  0
vinp#branch                                  0
vss#branch                         6.65289e-05
vdd#branch                        -6.65289e-05


No. of Data Rows : 4014

  Measurements for Transient Analysis

v_init              =  9.70018e-01
v_ofs               =  1.78642e-05
v_final             =  1.01000e+00
v_peak              =  1.01190e+00 at=  2.24050e-07
t_lo_cross          =   2.17609e-07
t_hi_cross          =   2.37353e-07

ngspice-46 done
