
Note: No compatibility mode selected!


Circuit: * klt sim -- generated corner deck, do not edit

Doing analysis at TEMP = 27.000000 and TNOM = 27.000000

Using SPARSE 1.3 as Direct Linear Solver
Note: Starting dynamic gmin stepping
Warning: Dynamic gmin stepping failed
Note: Starting true gmin stepping
Note: True gmin stepping completed

No. of Data Rows : 181

  Measurements for AC Analysis

adm_1hz_db          =  6.64479e+01
acm_1hz_db          =  8.04577e+00
adm_10hz_db         =  6.64479e+01
acm_10hz_db         =  8.04576e+00
adm_100hz_db        =  6.64476e+01
acm_100hz_db        =  8.04542e+00
adm_1khz_db         =  6.64135e+01
acm_1khz_db         =  8.01135e+00
adm_10khz_db        =  6.39056e+01
acm_10khz_db        =  5.50351e+00
adm_100khz_db       =  4.73862e+01
acm_100khz_db       =  -1.10097e+01
adm_1mhz_db         =  2.74372e+01
acm_1mhz_db         =  -3.03716e+01
gbw_hz              =   2.12161e+07

ngspice-46 done
