
Note: No compatibility mode selected!


Circuit: * klt sim -- generated corner deck, do not edit

Doing analysis at TEMP = 125.000000 and TNOM = 27.000000

Using SPARSE 1.3 as Direct Linear Solver

Initial Transient Solution
--------------------------

Node                                   Voltage
----                                   -------
vdd                                       1.98
vss                                          0
ibias                                 0.550233
xdut.d1                                1.18518
xdut.d2                                1.97028
inn                                1.08708e-06
xdut.tail                             0.116297
inp                                      0.594
out                                1.08708e-06
xdut.cz                                1.97028
xdut.xrz.ra                            1.97028
xdut.xcc.a                         1.08708e-06
xdut.xcc.b1                        1.08708e-06
p                                            0
l20                                     0.7524
l80                                     1.2276
bl80#branch                                  0
bl20#branch                                  0
bin#branch                                   0
vp#branch                                    0
vss#branch                         1.38659e-05
vdd#branch                        -1.38659e-05


No. of Data Rows : 1127

  Measurements for Transient Analysis

t20_rise            =   2.46111e-07
t80_rise            =   2.67406e-07
t80_fall            =   1.21829e-06
t20_fall            =   1.26532e-06

ngspice-46 done
