
Note: No compatibility mode selected!


Circuit: * klt sim -- generated corner deck, do not edit

Doing analysis at TEMP = -40.000000 and TNOM = 27.000000

Using SPARSE 1.3 as Direct Linear Solver

No. of Data Rows : 181

  Measurements for AC Analysis

adm_1hz_db          =  6.61731e+01
acm_1hz_db          =  -8.92688e+00
adm_10hz_db         =  6.61731e+01
acm_10hz_db         =  -8.92688e+00
adm_100hz_db        =  6.61729e+01
acm_100hz_db        =  -8.92709e+00
adm_1khz_db         =  6.61518e+01
acm_1khz_db         =  -8.94825e+00
adm_10khz_db        =  6.44314e+01
acm_10khz_db        =  -1.06685e+01
adm_100khz_db       =  4.91541e+01
acm_100khz_db       =  -2.59384e+01
adm_1mhz_db         =  2.92386e+01
acm_1mhz_db         =  -4.51520e+01
gbw_hz              =   2.61961e+07

ngspice-46 done
