
Note: No compatibility mode selected!


Circuit: * klt sim -- generated corner deck, do not edit

Doing analysis at TEMP = 125.000000 and TNOM = 27.000000

Using SPARSE 1.3 as Direct Linear Solver
Note: Starting dynamic gmin stepping
Warning: Dynamic gmin stepping failed
Note: Starting true gmin stepping
Note: True gmin stepping completed

No. of Data Rows : 181

  Measurements for AC Analysis

adm_1hz_db          =  6.44901e+01
acm_1hz_db          =  -9.38689e+00
adm_10hz_db         =  6.44901e+01
acm_10hz_db         =  -9.38689e+00
adm_100hz_db        =  6.44898e+01
acm_100hz_db        =  -9.38718e+00
adm_1khz_db         =  6.44613e+01
acm_1khz_db         =  -9.41568e+00
adm_10khz_db        =  6.22754e+01
acm_10khz_db        =  -1.16014e+01
adm_100khz_db       =  4.61958e+01
acm_100khz_db       =  -2.76679e+01
adm_1mhz_db         =  2.62560e+01
acm_1mhz_db         =  -4.64168e+01
gbw_hz              =   1.83909e+07

ngspice-46 done
