
Note: No compatibility mode selected!


Circuit: * klt sim -- generated corner deck, do not edit

Doing analysis at TEMP = 125.000000 and TNOM = 27.000000

Using SPARSE 1.3 as Direct Linear Solver
Note: Starting dynamic gmin stepping
Warning: Dynamic gmin stepping failed
Note: Starting true gmin stepping
Note: True gmin stepping completed

No. of Data Rows : 181

  Measurements for AC Analysis

adm_1hz_db          =  6.52587e+01
acm_1hz_db          =  4.68580e+00
adm_10hz_db         =  6.52587e+01
acm_10hz_db         =  4.68580e+00
adm_100hz_db        =  6.52584e+01
acm_100hz_db        =  4.68543e+00
adm_1khz_db         =  6.52221e+01
acm_1khz_db         =  4.64915e+00
adm_10khz_db        =  6.25929e+01
acm_10khz_db        =  2.02009e+00
adm_100khz_db       =  4.59265e+01
acm_100khz_db       =  -1.46379e+01
adm_1mhz_db         =  2.59731e+01
acm_1mhz_db         =  -3.37909e+01
gbw_hz              =   1.79233e+07

ngspice-46 done
