
Note: No compatibility mode selected!


Circuit: * klt sim -- generated corner deck, do not edit

Doing analysis at TEMP = 27.000000 and TNOM = 27.000000

Using SPARSE 1.3 as Direct Linear Solver
Note: Starting dynamic gmin stepping
Warning: Dynamic gmin stepping failed
Note: Starting true gmin stepping
Note: True gmin stepping completed

No. of Data Rows : 181

  Measurements for AC Analysis

adm_1hz_db          =  6.75386e+01
acm_1hz_db          =  -9.80746e+00
adm_10hz_db         =  6.75385e+01
acm_10hz_db         =  -9.80746e+00
adm_100hz_db        =  6.75382e+01
acm_100hz_db        =  -9.80782e+00
adm_1khz_db         =  6.75030e+01
acm_1khz_db         =  -9.84298e+00
adm_10khz_db        =  6.49346e+01
acm_10khz_db        =  -1.24113e+01
adm_100khz_db       =  4.83406e+01
acm_100khz_db       =  -2.89943e+01
adm_1mhz_db         =  2.83898e+01
acm_1mhz_db         =  -4.79323e+01
gbw_hz              =   2.32509e+07

ngspice-46 done
