
Note: No compatibility mode selected!


Circuit: * klt sim -- generated corner deck, do not edit

Doing analysis at TEMP = -40.000000 and TNOM = 27.000000

Using SPARSE 1.3 as Direct Linear Solver

Initial Transient Solution
--------------------------

Node                                   Voltage
----                                   -------
vdd                                        1.8
vss                                          0
ibias                                 0.639763
xdut.d1                               0.618946
xdut.d2                                1.79931
inn                                1.58622e-08
xdut.tail                            0.0466907
inp                                       0.54
out                                1.58622e-08
xdut.cz                                1.79931
xdut.xrz.ra                            1.79931
xdut.xcc.a                         1.58622e-08
xdut.xcc.b1                        1.58622e-08
p                                            0
l20                                      0.684
l80                                      1.116
bl80#branch                                  0
bl20#branch                                  0
bin#branch                                   0
vp#branch                                    0
vss#branch                         1.19635e-05
vdd#branch                        -1.19635e-05


No. of Data Rows : 1127

  Measurements for Transient Analysis

t20_rise            =   2.86889e-07
t80_rise            =   3.07970e-07
t80_fall            =   1.21433e-06
t20_fall            =   1.25010e-06

ngspice-46 done
