
Note: No compatibility mode selected!


Circuit: * klt sim -- generated corner deck, do not edit

Doing analysis at TEMP = 27.000000 and TNOM = 27.000000

Using SPARSE 1.3 as Direct Linear Solver
Note: Starting dynamic gmin stepping
Warning: Dynamic gmin stepping failed
Note: Starting true gmin stepping
Note: True gmin stepping completed

No. of Data Rows : 181

  Measurements for AC Analysis

adm_1hz_db          =  6.54591e+01
acm_1hz_db          =  -1.62971e+01
adm_10hz_db         =  6.54591e+01
acm_10hz_db         =  -1.62971e+01
adm_100hz_db        =  6.54588e+01
acm_100hz_db        =  -1.62974e+01
adm_1khz_db         =  6.54338e+01
acm_1khz_db         =  -1.63224e+01
adm_10khz_db        =  6.34628e+01
acm_10khz_db        =  -1.82931e+01
adm_100khz_db       =  4.77245e+01
acm_100khz_db       =  -3.40020e+01
adm_1mhz_db         =  2.77946e+01
acm_1mhz_db         =  -5.15716e+01
gbw_hz              =   2.18771e+07

ngspice-46 done
