
Note: No compatibility mode selected!


Circuit: * klt sim -- generated corner deck, do not edit

Doing analysis at TEMP = 27.000000 and TNOM = 27.000000

Using SPARSE 1.3 as Direct Linear Solver
Note: Starting dynamic gmin stepping
Note: Dynamic gmin stepping completed

Initial Transient Solution
--------------------------

Node                                   Voltage
----                                   -------
vdd                                       1.98
vss                                          0
ibias                                 0.605874
xdut.d1                                1.04394
xdut.d2                                1.04016
inn                                   0.969917
xdut.tail                              0.28893
inp                                       0.97
out                                   0.969917
xdut.cz                                1.04016
xdut.xrz.ra                            1.04016
xdut.xcc.a                            0.969917
xdut.xcc.b1                           0.969917
mid                                       0.99
ofs                               -8.30467e-05
gtrk_int1                                    0
lo                                    0.969517
hi                                    0.970317
bhi#branch                                   0
blo#branch                                   0
bgtrk#branch                                 0
bmid#branch                                  0
vinp#branch                                  0
vss#branch                         6.63881e-05
vdd#branch                        -6.63881e-05


No. of Data Rows : 4014

  Measurements for Transient Analysis

v_init              =  9.69917e-01
v_ofs               =  -8.30468e-05
v_final             =  1.00990e+00
v_peak              =  1.01134e+00 at=  2.21050e-07
t_lo_cross          =   2.15228e-07
t_hi_cross          =   2.30850e-07

ngspice-46 done
