
Note: No compatibility mode selected!


Circuit: * klt sim -- generated corner deck, do not edit

Doing analysis at TEMP = -40.000000 and TNOM = 27.000000

Using SPARSE 1.3 as Direct Linear Solver

Initial Transient Solution
--------------------------

Node                                   Voltage
----                                   -------
vdd                                       1.62
vss                                          0
ibias                                 0.690862
xdut.d1                               0.439096
xdut.d2                                1.61999
inn                                1.45534e-08
xdut.tail                            0.0760455
inp                                      0.486
out                                1.45534e-08
xdut.cz                                1.61999
xdut.xrz.ra                            1.61999
xdut.xcc.a                         1.45534e-08
xdut.xcc.b1                        1.45534e-08
p                                            0
l20                                     0.6156
l80                                     1.0044
bl80#branch                                  0
bl20#branch                                  0
bin#branch                                   0
vp#branch                                    0
vss#branch                         1.33332e-05
vdd#branch                        -1.33332e-05


No. of Data Rows : 1126

  Measurements for Transient Analysis

t20_rise            =   2.77892e-07
t80_rise            =   2.97110e-07
t80_fall            =   1.21616e-06
t20_fall            =   1.26347e-06

ngspice-46 done
