
Note: No compatibility mode selected!


Circuit: * klt sim -- generated corner deck, do not edit

Doing analysis at TEMP = 125.000000 and TNOM = 27.000000

Using SPARSE 1.3 as Direct Linear Solver

Initial Transient Solution
--------------------------

Node                                   Voltage
----                                   -------
vdd                                       1.98
vss                                          0
ibias                                 0.550233
xdut.d1                                1.21301
xdut.d2                                1.95064
inn                                1.38757e-06
xdut.tail                            0.0784295
inp                                      0.594
out                                1.38757e-06
xdut.cz                                1.95064
xdut.xrz.ra                            1.95064
xdut.xcc.a                         1.38757e-06
xdut.xcc.b1                        1.38757e-06
p                                            0
l20                                     0.7524
l80                                     1.2276
bl80#branch                                  0
bl20#branch                                  0
bin#branch                                   0
vp#branch                                    0
vss#branch                          1.2707e-05
vdd#branch                         -1.2707e-05


No. of Data Rows : 1127

  Measurements for Transient Analysis

t20_rise            =   2.59080e-07
t80_rise            =   2.81357e-07
t80_fall            =   1.21699e-06
t20_fall            =   1.25401e-06

ngspice-46 done
