
Note: No compatibility mode selected!


Circuit: * klt sim -- generated corner deck, do not edit

Doing analysis at TEMP = 27.000000 and TNOM = 27.000000

Using SPARSE 1.3 as Direct Linear Solver
Note: Starting dynamic gmin stepping
Warning: Dynamic gmin stepping failed
Note: Starting true gmin stepping
Note: True gmin stepping completed

No. of Data Rows : 181

  Measurements for AC Analysis

adm_1hz_db          =  6.44484e+01
acm_1hz_db          =  -9.73126e+00
adm_10hz_db         =  6.44484e+01
acm_10hz_db         =  -9.73126e+00
adm_100hz_db        =  6.44482e+01
acm_100hz_db        =  -9.73144e+00
adm_1khz_db         =  6.44307e+01
acm_1khz_db         =  -9.74893e+00
adm_10khz_db        =  6.29633e+01
acm_10khz_db        =  -1.12162e+01
adm_100khz_db       =  4.82399e+01
acm_100khz_db       =  -2.59330e+01
adm_1mhz_db         =  2.83416e+01
acm_1mhz_db         =  -4.52055e+01
gbw_hz              =   2.34105e+07

ngspice-46 done
