
Note: No compatibility mode selected!


Circuit: * klt sim -- generated corner deck, do not edit

Doing analysis at TEMP = 125.000000 and TNOM = 27.000000

Using SPARSE 1.3 as Direct Linear Solver
Note: Starting dynamic gmin stepping
Warning: Dynamic gmin stepping failed
Note: Starting true gmin stepping
Note: True gmin stepping completed

No. of Data Rows : 181

  Measurements for AC Analysis

adm_1hz_db          =  6.46321e+01
acm_1hz_db          =  -5.60030e+00
adm_10hz_db         =  6.46321e+01
acm_10hz_db         =  -5.60031e+00
adm_100hz_db        =  6.46318e+01
acm_100hz_db        =  -5.60059e+00
adm_1khz_db         =  6.46037e+01
acm_1khz_db         =  -5.62871e+00
adm_10khz_db        =  6.24405e+01
acm_10khz_db        =  -7.79184e+00
adm_100khz_db       =  4.63947e+01
acm_100khz_db       =  -2.38283e+01
adm_1mhz_db         =  2.64559e+01
acm_1mhz_db         =  -4.29080e+01
gbw_hz              =   1.87768e+07

ngspice-46 done
