
Note: No compatibility mode selected!


Circuit: * klt sim -- generated corner deck, do not edit

Doing analysis at TEMP = -40.000000 and TNOM = 27.000000

Using SPARSE 1.3 as Direct Linear Solver
Note: Starting dynamic gmin stepping
Warning: Dynamic gmin stepping failed
Note: Starting true gmin stepping
Note: True gmin stepping completed

No. of Data Rows : 181

  Measurements for AC Analysis

adm_1hz_db          =  6.34889e+01
acm_1hz_db          =  -3.15737e+00
adm_10hz_db         =  6.34889e+01
acm_10hz_db         =  -3.15737e+00
adm_100hz_db        =  6.34888e+01
acm_100hz_db        =  -3.15750e+00
adm_1khz_db         =  6.34760e+01
acm_1khz_db         =  -3.17021e+00
adm_10khz_db        =  6.23620e+01
acm_10khz_db        =  -4.28418e+00
adm_100khz_db       =  4.86282e+01
acm_100khz_db       =  -1.80126e+01
adm_1mhz_db         =  2.87692e+01
acm_1mhz_db         =  -3.73489e+01
gbw_hz              =   2.51070e+07

ngspice-46 done
